12:46:31 **** Build of project dual_ov5640_lcd_bsp ****
make -k all 
"Running Make include in ps7_cortexa9_0/libsrc/axivdma_v6_6/src"
make -C ps7_cortexa9_0/libsrc/axivdma_v6_6/src -s include  "SHELL=CMD" "COMPILER=arm-none-eabi-gcc" "ARCHIVER=arm-none-eabi-ar" "COMPILER_FLAGS=  -O2 -c" "EXTRA_COMPILER_FLAGS=-mcpu=cortex-a9 -mfpu=vfpv3 -mfloat-abi=hard -nostartfiles -g -Wall -Wextra"
"Running Make include in ps7_cortexa9_0/libsrc/coresightps_dcc_v1_4/src"
make -C ps7_cortexa9_0/libsrc/coresightps_dcc_v1_4/src -s include  "SHELL=CMD" "COMPILER=arm-none-eabi-gcc" "ARCHIVER=arm-none-eabi-ar" "COMPILER_FLAGS=  -O2 -c" "EXTRA_COMPILER_FLAGS=-mcpu=cortex-a9 -mfpu=vfpv3 -mfloat-abi=hard -nostartfiles -g -Wall -Wextra"
"Running Make include in ps7_cortexa9_0/libsrc/cpu_cortexa9_v2_7/src"
make -C ps7_cortexa9_0/libsrc/cpu_cortexa9_v2_7/src -s include  "SHELL=CMD" "COMPILER=arm-none-eabi-gcc" "ARCHIVER=arm-none-eabi-ar" "COMPILER_FLAGS=  -O2 -c" "EXTRA_COMPILER_FLAGS=-mcpu=cortex-a9 -mfpu=vfpv3 -mfloat-abi=hard -nostartfiles -g -Wall -Wextra"
"Running Make include in ps7_cortexa9_0/libsrc/ddrps_v1_0/src"
make -C ps7_cortexa9_0/libsrc/ddrps_v1_0/src -s include  "SHELL=CMD" "COMPILER=arm-none-eabi-gcc" "ARCHIVER=arm-none-eabi-ar" "COMPILER_FLAGS=  -O2 -c" "EXTRA_COMPILER_FLAGS=-mcpu=cortex-a9 -mfpu=vfpv3 -mfloat-abi=hard -nostartfiles -g -Wall -Wextra"
"Running Make include in ps7_cortexa9_0/libsrc/devcfg_v3_5/src"
make -C ps7_cortexa9_0/libsrc/devcfg_v3_5/src -s include  "SHELL=CMD" "COMPILER=arm-none-eabi-gcc" "ARCHIVER=arm-none-eabi-ar" "COMPILER_FLAGS=  -O2 -c" "EXTRA_COMPILER_FLAGS=-mcpu=cortex-a9 -mfpu=vfpv3 -mfloat-abi=hard -nostartfiles -g -Wall -Wextra"
"Running Make include in ps7_cortexa9_0/libsrc/dmaps_v2_4/src"
make -C ps7_cortexa9_0/libsrc/dmaps_v2_4/src -s include  "SHELL=CMD" "COMPILER=arm-none-eabi-gcc" "ARCHIVER=arm-none-eabi-ar" "COMPILER_FLAGS=  -O2 -c" "EXTRA_COMPILER_FLAGS=-mcpu=cortex-a9 -mfpu=vfpv3 -mfloat-abi=hard -nostartfiles -g -Wall -Wextra"
"Running Make include in ps7_cortexa9_0/libsrc/gpiops_v3_4/src"
make -C ps7_cortexa9_0/libsrc/gpiops_v3_4/src -s include  "SHELL=CMD" "COMPILER=arm-none-eabi-gcc" "ARCHIVER=arm-none-eabi-ar" "COMPILER_FLAGS=  -O2 -c" "EXTRA_COMPILER_FLAGS=-mcpu=cortex-a9 -mfpu=vfpv3 -mfloat-abi=hard -nostartfiles -g -Wall -Wextra"
"Running Make include in ps7_cortexa9_0/libsrc/gpio_v4_3/src"
make -C ps7_cortexa9_0/libsrc/gpio_v4_3/src -s include  "SHELL=CMD" "COMPILER=arm-none-eabi-gcc" "ARCHIVER=arm-none-eabi-ar" "COMPILER_FLAGS=  -O2 -c" "EXTRA_COMPILER_FLAGS=-mcpu=cortex-a9 -mfpu=vfpv3 -mfloat-abi=hard -nostartfiles -g -Wall -Wextra"
"Running Make include in ps7_cortexa9_0/libsrc/osd_v4_0/src"
make -C ps7_cortexa9_0/libsrc/osd_v4_0/src -s include  "SHELL=CMD" "COMPILER=arm-none-eabi-gcc" "ARCHIVER=arm-none-eabi-ar" "COMPILER_FLAGS=  -O2 -c" "EXTRA_COMPILER_FLAGS=-mcpu=cortex-a9 -mfpu=vfpv3 -mfloat-abi=hard -nostartfiles -g -Wall -Wextra"
"Running Make include in ps7_cortexa9_0/libsrc/ov5640_rgb2gray_v1_0/src"
make -C ps7_cortexa9_0/libsrc/ov5640_rgb2gray_v1_0/src -s include  "SHELL=CMD" "COMPILER=arm-none-eabi-gcc" "ARCHIVER=arm-none-eabi-ar" "COMPILER_FLAGS=  -O2 -c" "EXTRA_COMPILER_FLAGS=-mcpu=cortex-a9 -mfpu=vfpv3 -mfloat-abi=hard -nostartfiles -g -Wall -Wextra"
"Running Make include in ps7_cortexa9_0/libsrc/qspips_v3_5/src"
make -C ps7_cortexa9_0/libsrc/qspips_v3_5/src -s include  "SHELL=CMD" "COMPILER=arm-none-eabi-gcc" "ARCHIVER=arm-none-eabi-ar" "COMPILER_FLAGS=  -O2 -c" "EXTRA_COMPILER_FLAGS=-mcpu=cortex-a9 -mfpu=vfpv3 -mfloat-abi=hard -nostartfiles -g -Wall -Wextra"
"Running Make include in ps7_cortexa9_0/libsrc/scugic_v3_10/src"
make -C ps7_cortexa9_0/libsrc/scugic_v3_10/src -s include  "SHELL=CMD" "COMPILER=arm-none-eabi-gcc" "ARCHIVER=arm-none-eabi-ar" "COMPILER_FLAGS=  -O2 -c" "EXTRA_COMPILER_FLAGS=-mcpu=cortex-a9 -mfpu=vfpv3 -mfloat-abi=hard -nostartfiles -g -Wall -Wextra"
"Running Make include in ps7_cortexa9_0/libsrc/scutimer_v2_1/src"
make -C ps7_cortexa9_0/libsrc/scutimer_v2_1/src -s include  "SHELL=CMD" "COMPILER=arm-none-eabi-gcc" "ARCHIVER=arm-none-eabi-ar" "COMPILER_FLAGS=  -O2 -c" "EXTRA_COMPILER_FLAGS=-mcpu=cortex-a9 -mfpu=vfpv3 -mfloat-abi=hard -nostartfiles -g -Wall -Wextra"
"Running Make include in ps7_cortexa9_0/libsrc/scuwdt_v2_1/src"
make -C ps7_cortexa9_0/libsrc/scuwdt_v2_1/src -s include  "SHELL=CMD" "COMPILER=arm-none-eabi-gcc" "ARCHIVER=arm-none-eabi-ar" "COMPILER_FLAGS=  -O2 -c" "EXTRA_COMPILER_FLAGS=-mcpu=cortex-a9 -mfpu=vfpv3 -mfloat-abi=hard -nostartfiles -g -Wall -Wextra"
"Running Make include in ps7_cortexa9_0/libsrc/sdps_v3_6/src"
make -C ps7_cortexa9_0/libsrc/sdps_v3_6/src -s include  "SHELL=CMD" "COMPILER=arm-none-eabi-gcc" "ARCHIVER=arm-none-eabi-ar" "COMPILER_FLAGS=  -O2 -c" "EXTRA_COMPILER_FLAGS=-mcpu=cortex-a9 -mfpu=vfpv3 -mfloat-abi=hard -nostartfiles -g -Wall -Wextra"
"Running Make include in ps7_cortexa9_0/libsrc/standalone_v6_8/src"
make -C ps7_cortexa9_0/libsrc/standalone_v6_8/src -s include  "SHELL=CMD" "COMPILER=arm-none-eabi-gcc" "ARCHIVER=arm-none-eabi-ar" "COMPILER_FLAGS=  -O2 -c" "EXTRA_COMPILER_FLAGS=-mcpu=cortex-a9 -mfpu=vfpv3 -mfloat-abi=hard -nostartfiles -g -Wall -Wextra"
"Running Make include in ps7_cortexa9_0/libsrc/uartps_v3_7/src"
make -C ps7_cortexa9_0/libsrc/uartps_v3_7/src -s include  "SHELL=CMD" "COMPILER=arm-none-eabi-gcc" "ARCHIVER=arm-none-eabi-ar" "COMPILER_FLAGS=  -O2 -c" "EXTRA_COMPILER_FLAGS=-mcpu=cortex-a9 -mfpu=vfpv3 -mfloat-abi=hard -nostartfiles -g -Wall -Wextra"
"Running Make include in ps7_cortexa9_0/libsrc/vtc_v8_0/src"
make -C ps7_cortexa9_0/libsrc/vtc_v8_0/src -s include  "SHELL=CMD" "COMPILER=arm-none-eabi-gcc" "ARCHIVER=arm-none-eabi-ar" "COMPILER_FLAGS=  -O2 -c" "EXTRA_COMPILER_FLAGS=-mcpu=cortex-a9 -mfpu=vfpv3 -mfloat-abi=hard -nostartfiles -g -Wall -Wextra"
"Running Make include in ps7_cortexa9_0/libsrc/xadcps_v2_3/src"
make -C ps7_cortexa9_0/libsrc/xadcps_v2_3/src -s include  "SHELL=CMD" "COMPILER=arm-none-eabi-gcc" "ARCHIVER=arm-none-eabi-ar" "COMPILER_FLAGS=  -O2 -c" "EXTRA_COMPILER_FLAGS=-mcpu=cortex-a9 -mfpu=vfpv3 -mfloat-abi=hard -nostartfiles -g -Wall -Wextra"
"Running Make libs in ps7_cortexa9_0/libsrc/axivdma_v6_6/src"
make -C ps7_cortexa9_0/libsrc/axivdma_v6_6/src -s libs  "SHELL=CMD" "COMPILER=arm-none-eabi-gcc" "ARCHIVER=arm-none-eabi-ar" "COMPILER_FLAGS=  -O2 -c" "EXTRA_COMPILER_FLAGS=-mcpu=cortex-a9 -mfpu=vfpv3 -mfloat-abi=hard -nostartfiles -g -Wall -Wextra"
"Compiling axivdma"
arm-none-eabi-ar: creating ../../../lib/libxil.a
"Running Make libs in ps7_cortexa9_0/libsrc/coresightps_dcc_v1_4/src"
make -C ps7_cortexa9_0/libsrc/coresightps_dcc_v1_4/src -s libs  "SHELL=CMD" "COMPILER=arm-none-eabi-gcc" "ARCHIVER=arm-none-eabi-ar" "COMPILER_FLAGS=  -O2 -c" "EXTRA_COMPILER_FLAGS=-mcpu=cortex-a9 -mfpu=vfpv3 -mfloat-abi=hard -nostartfiles -g -Wall -Wextra"
"Compiling coresightps_dcc"
"Running Make libs in ps7_cortexa9_0/libsrc/cpu_cortexa9_v2_7/src"
make -C ps7_cortexa9_0/libsrc/cpu_cortexa9_v2_7/src -s libs  "SHELL=CMD" "COMPILER=arm-none-eabi-gcc" "ARCHIVER=arm-none-eabi-ar" "COMPILER_FLAGS=  -O2 -c" "EXTRA_COMPILER_FLAGS=-mcpu=cortex-a9 -mfpu=vfpv3 -mfloat-abi=hard -nostartfiles -g -Wall -Wextra"
"Compiling cpu_cortexa9"
"Running Make libs in ps7_cortexa9_0/libsrc/ddrps_v1_0/src"
make -C ps7_cortexa9_0/libsrc/ddrps_v1_0/src -s libs  "SHELL=CMD" "COMPILER=arm-none-eabi-gcc" "ARCHIVER=arm-none-eabi-ar" "COMPILER_FLAGS=  -O2 -c" "EXTRA_COMPILER_FLAGS=-mcpu=cortex-a9 -mfpu=vfpv3 -mfloat-abi=hard -nostartfiles -g -Wall -Wextra"
"Compiling ddrps"
"Running Make libs in ps7_cortexa9_0/libsrc/devcfg_v3_5/src"
make -C ps7_cortexa9_0/libsrc/devcfg_v3_5/src -s libs  "SHELL=CMD" "COMPILER=arm-none-eabi-gcc" "ARCHIVER=arm-none-eabi-ar" "COMPILER_FLAGS=  -O2 -c" "EXTRA_COMPILER_FLAGS=-mcpu=cortex-a9 -mfpu=vfpv3 -mfloat-abi=hard -nostartfiles -g -Wall -Wextra"
"Compiling devcfg"
"Running Make libs in ps7_cortexa9_0/libsrc/dmaps_v2_4/src"
make -C ps7_cortexa9_0/libsrc/dmaps_v2_4/src -s libs  "SHELL=CMD" "COMPILER=arm-none-eabi-gcc" "ARCHIVER=arm-none-eabi-ar" "COMPILER_FLAGS=  -O2 -c" "EXTRA_COMPILER_FLAGS=-mcpu=cortex-a9 -mfpu=vfpv3 -mfloat-abi=hard -nostartfiles -g -Wall -Wextra"
"Compiling dmaps"
"Running Make libs in ps7_cortexa9_0/libsrc/gpiops_v3_4/src"
make -C ps7_cortexa9_0/libsrc/gpiops_v3_4/src -s libs  "SHELL=CMD" "COMPILER=arm-none-eabi-gcc" "ARCHIVER=arm-none-eabi-ar" "COMPILER_FLAGS=  -O2 -c" "EXTRA_COMPILER_FLAGS=-mcpu=cortex-a9 -mfpu=vfpv3 -mfloat-abi=hard -nostartfiles -g -Wall -Wextra"
"Compiling gpiops"
"Running Make libs in ps7_cortexa9_0/libsrc/gpio_v4_3/src"
make -C ps7_cortexa9_0/libsrc/gpio_v4_3/src -s libs  "SHELL=CMD" "COMPILER=arm-none-eabi-gcc" "ARCHIVER=arm-none-eabi-ar" "COMPILER_FLAGS=  -O2 -c" "EXTRA_COMPILER_FLAGS=-mcpu=cortex-a9 -mfpu=vfpv3 -mfloat-abi=hard -nostartfiles -g -Wall -Wextra"
"Compiling gpio"
"Running Make libs in ps7_cortexa9_0/libsrc/osd_v4_0/src"
make -C ps7_cortexa9_0/libsrc/osd_v4_0/src -s libs  "SHELL=CMD" "COMPILER=arm-none-eabi-gcc" "ARCHIVER=arm-none-eabi-ar" "COMPILER_FLAGS=  -O2 -c" "EXTRA_COMPILER_FLAGS=-mcpu=cortex-a9 -mfpu=vfpv3 -mfloat-abi=hard -nostartfiles -g -Wall -Wextra"
"Compiling osd"
"Running Make libs in ps7_cortexa9_0/libsrc/ov5640_rgb2gray_v1_0/src"
make -C ps7_cortexa9_0/libsrc/ov5640_rgb2gray_v1_0/src -s libs  "SHELL=CMD" "COMPILER=arm-none-eabi-gcc" "ARCHIVER=arm-none-eabi-ar" "COMPILER_FLAGS=  -O2 -c" "EXTRA_COMPILER_FLAGS=-mcpu=cortex-a9 -mfpu=vfpv3 -mfloat-abi=hard -nostartfiles -g -Wall -Wextra"
"Compiling ov5640_rgb2gray"
"Running Make libs in ps7_cortexa9_0/libsrc/qspips_v3_5/src"
make -C ps7_cortexa9_0/libsrc/qspips_v3_5/src -s libs  "SHELL=CMD" "COMPILER=arm-none-eabi-gcc" "ARCHIVER=arm-none-eabi-ar" "COMPILER_FLAGS=  -O2 -c" "EXTRA_COMPILER_FLAGS=-mcpu=cortex-a9 -mfpu=vfpv3 -mfloat-abi=hard -nostartfiles -g -Wall -Wextra"
"Compiling qspips"
"Running Make libs in ps7_cortexa9_0/libsrc/scugic_v3_10/src"
make -C ps7_cortexa9_0/libsrc/scugic_v3_10/src -s libs  "SHELL=CMD" "COMPILER=arm-none-eabi-gcc" "ARCHIVER=arm-none-eabi-ar" "COMPILER_FLAGS=  -O2 -c" "EXTRA_COMPILER_FLAGS=-mcpu=cortex-a9 -mfpu=vfpv3 -mfloat-abi=hard -nostartfiles -g -Wall -Wextra"
"Compiling scugic"
"Running Make libs in ps7_cortexa9_0/libsrc/scutimer_v2_1/src"
make -C ps7_cortexa9_0/libsrc/scutimer_v2_1/src -s libs  "SHELL=CMD" "COMPILER=arm-none-eabi-gcc" "ARCHIVER=arm-none-eabi-ar" "COMPILER_FLAGS=  -O2 -c" "EXTRA_COMPILER_FLAGS=-mcpu=cortex-a9 -mfpu=vfpv3 -mfloat-abi=hard -nostartfiles -g -Wall -Wextra"
"Compiling scutimer"
"Running Make libs in ps7_cortexa9_0/libsrc/scuwdt_v2_1/src"
make -C ps7_cortexa9_0/libsrc/scuwdt_v2_1/src -s libs  "SHELL=CMD" "COMPILER=arm-none-eabi-gcc" "ARCHIVER=arm-none-eabi-ar" "COMPILER_FLAGS=  -O2 -c" "EXTRA_COMPILER_FLAGS=-mcpu=cortex-a9 -mfpu=vfpv3 -mfloat-abi=hard -nostartfiles -g -Wall -Wextra"
"Compiling scuwdt"
"Running Make libs in ps7_cortexa9_0/libsrc/sdps_v3_6/src"
make -C ps7_cortexa9_0/libsrc/sdps_v3_6/src -s libs  "SHELL=CMD" "COMPILER=arm-none-eabi-gcc" "ARCHIVER=arm-none-eabi-ar" "COMPILER_FLAGS=  -O2 -c" "EXTRA_COMPILER_FLAGS=-mcpu=cortex-a9 -mfpu=vfpv3 -mfloat-abi=hard -nostartfiles -g -Wall -Wextra"
"Compiling sdps"
"Running Make libs in ps7_cortexa9_0/libsrc/standalone_v6_8/src"
make -C ps7_cortexa9_0/libsrc/standalone_v6_8/src -s libs  "SHELL=CMD" "COMPILER=arm-none-eabi-gcc" "ARCHIVER=arm-none-eabi-ar" "COMPILER_FLAGS=  -O2 -c" "EXTRA_COMPILER_FLAGS=-mcpu=cortex-a9 -mfpu=vfpv3 -mfloat-abi=hard -nostartfiles -g -Wall -Wextra"
"Compiling standalone"
In file included from usleep.c:56:0:
xtime_l.h:87:9: note: #pragma message: For the sleep routines, Global timer is being used
 #pragma message ("For the sleep routines, Global timer is being used")
         ^~~~~~~
In file included from xil_sleeptimer.c:51:0:
xtime_l.h:87:9: note: #pragma message: For the sleep routines, Global timer is being used
 #pragma message ("For the sleep routines, Global timer is being used")
         ^~~~~~~
In file included from xtime_l.c:49:0:
xtime_l.h:87:9: note: #pragma message: For the sleep routines, Global timer is being used
 #pragma message ("For the sleep routines, Global timer is being used")
         ^~~~~~~
In file included from sleep.c:53:0:
xtime_l.h:87:9: note: #pragma message: For the sleep routines, Global timer is being used
 #pragma message ("For the sleep routines, Global timer is being used")
         ^~~~~~~
"Running Make libs in ps7_cortexa9_0/libsrc/uartps_v3_7/src"
make -C ps7_cortexa9_0/libsrc/uartps_v3_7/src -s libs  "SHELL=CMD" "COMPILER=arm-none-eabi-gcc" "ARCHIVER=arm-none-eabi-ar" "COMPILER_FLAGS=  -O2 -c" "EXTRA_COMPILER_FLAGS=-mcpu=cortex-a9 -mfpu=vfpv3 -mfloat-abi=hard -nostartfiles -g -Wall -Wextra"
"Compiling uartps"
"Running Make libs in ps7_cortexa9_0/libsrc/vtc_v8_0/src"
make -C ps7_cortexa9_0/libsrc/vtc_v8_0/src -s libs  "SHELL=CMD" "COMPILER=arm-none-eabi-gcc" "ARCHIVER=arm-none-eabi-ar" "COMPILER_FLAGS=  -O2 -c" "EXTRA_COMPILER_FLAGS=-mcpu=cortex-a9 -mfpu=vfpv3 -mfloat-abi=hard -nostartfiles -g -Wall -Wextra"
"Compiling video timing controller"
"Running Make libs in ps7_cortexa9_0/libsrc/xadcps_v2_3/src"
make -C ps7_cortexa9_0/libsrc/xadcps_v2_3/src -s libs  "SHELL=CMD" "COMPILER=arm-none-eabi-gcc" "ARCHIVER=arm-none-eabi-ar" "COMPILER_FLAGS=  -O2 -c" "EXTRA_COMPILER_FLAGS=-mcpu=cortex-a9 -mfpu=vfpv3 -mfloat-abi=hard -nostartfiles -g -Wall -Wextra"
"Compiling xadcps"
'Finished building libraries'
12:47:02 **** Build of configuration Debug for project dual_ov5640_lcd ****
make pre-build main-build 
a9-linaro-pre-build-step
' '
'Building file: ../src/vdma_api/vdma_api.c'
'Invoking: ARM v7 gcc compiler'
arm-none-eabi-gcc -Wall -O0 -g3 -c -fmessage-length=0 -MT"src/vdma_api/vdma_api.o" -mcpu=cortex-a9 -mfpu=vfpv3 -mfloat-abi=hard -I../../dual_ov5640_lcd_bsp/ps7_cortexa9_0/include -MMD -MP -MF"src/vdma_api/vdma_api.d" -MT"src/vdma_api/vdma_api.o" -o "src/vdma_api/vdma_api.o" "../src/vdma_api/vdma_api.c"
'Finished building: ../src/vdma_api/vdma_api.c'
' '
'Building file: ../src/ov5640/ov5640_init.c'
'Invoking: ARM v7 gcc compiler'
arm-none-eabi-gcc -Wall -O0 -g3 -c -fmessage-length=0 -MT"src/ov5640/ov5640_init.o" -mcpu=cortex-a9 -mfpu=vfpv3 -mfloat-abi=hard -I../../dual_ov5640_lcd_bsp/ps7_cortexa9_0/include -MMD -MP -MF"src/ov5640/ov5640_init.d" -MT"src/ov5640/ov5640_init.o" -o "src/ov5640/ov5640_init.o" "../src/ov5640/ov5640_init.c"
'Finished building: ../src/ov5640/ov5640_init.c'
' '
'Building file: ../src/osd/osd.c'
'Invoking: ARM v7 gcc compiler'
arm-none-eabi-gcc -Wall -O0 -g3 -c -fmessage-length=0 -MT"src/osd/osd.o" -mcpu=cortex-a9 -mfpu=vfpv3 -mfloat-abi=hard -I../../dual_ov5640_lcd_bsp/ps7_cortexa9_0/include -MMD -MP -MF"src/osd/osd.d" -MT"src/osd/osd.o" -o "src/osd/osd.o" "../src/osd/osd.c"
In file included from ../src/osd/osd.c:2:0:
../../dual_ov5640_lcd_bsp/ps7_cortexa9_0/include/xbasic_types.h:111:2: warning: #warning The xbasics_type.h file is deprecated and users should use xil_types.h and xil_assert. [-Wcpp]
 #warning  The xbasics_type.h file is deprecated and users should use xil_types.h and xil_assert.
  ^~~~~~~
../../dual_ov5640_lcd_bsp/ps7_cortexa9_0/include/xbasic_types.h:112:2: warning: #warning Please refer the Standalone BSP UG647 for further details [-Wcpp]
 #warning  Please refer the Standalone BSP UG647 for further details
  ^~~~~~~
'Finished building: ../src/osd/osd.c'
' '
'Building file: ../src/emio_sccb_cfg/emio_sccb_cfg.c'
'Invoking: ARM v7 gcc compiler'
arm-none-eabi-gcc -Wall -O0 -g3 -c -fmessage-length=0 -MT"src/emio_sccb_cfg/emio_sccb_cfg.o" -mcpu=cortex-a9 -mfpu=vfpv3 -mfloat-abi=hard -I../../dual_ov5640_lcd_bsp/ps7_cortexa9_0/include -MMD -MP -MF"src/emio_sccb_cfg/emio_sccb_cfg.d" -MT"src/emio_sccb_cfg/emio_sccb_cfg.o" -o "src/emio_sccb_cfg/emio_sccb_cfg.o" "../src/emio_sccb_cfg/emio_sccb_cfg.c"
'Finished building: ../src/emio_sccb_cfg/emio_sccb_cfg.c'
' '
'Building file: ../src/dynclk/dynclk.c'
'Invoking: ARM v7 gcc compiler'
arm-none-eabi-gcc -Wall -O0 -g3 -c -fmessage-length=0 -MT"src/dynclk/dynclk.o" -mcpu=cortex-a9 -mfpu=vfpv3 -mfloat-abi=hard -I../../dual_ov5640_lcd_bsp/ps7_cortexa9_0/include -MMD -MP -MF"src/dynclk/dynclk.d" -MT"src/dynclk/dynclk.o" -o "src/dynclk/dynclk.o" "../src/dynclk/dynclk.c"
'Finished building: ../src/dynclk/dynclk.c'
' '
'Building file: ../src/display_ctrl/display_ctrl.c'
'Invoking: ARM v7 gcc compiler'
arm-none-eabi-gcc -Wall -O0 -g3 -c -fmessage-length=0 -MT"src/display_ctrl/display_ctrl.o" -mcpu=cortex-a9 -mfpu=vfpv3 -mfloat-abi=hard -I../../dual_ov5640_lcd_bsp/ps7_cortexa9_0/include -MMD -MP -MF"src/display_ctrl/display_ctrl.d" -MT"src/display_ctrl/display_ctrl.o" -o "src/display_ctrl/display_ctrl.o" "../src/display_ctrl/display_ctrl.c"
'Finished building: ../src/display_ctrl/display_ctrl.c'
' '
'Building file: ../src/main.c'
'Invoking: ARM v7 gcc compiler'
arm-none-eabi-gcc -Wall -O0 -g3 -c -fmessage-length=0 -MT"src/main.o" -mcpu=cortex-a9 -mfpu=vfpv3 -mfloat-abi=hard -I../../dual_ov5640_lcd_bsp/ps7_cortexa9_0/include -MMD -MP -MF"src/main.d" -MT"src/main.o" -o "src/main.o" "../src/main.c"
In file included from ../src/osd/osd.h:26:0,
                 from ../src/main.c:14:
../../dual_ov5640_lcd_bsp/ps7_cortexa9_0/include/xbasic_types.h:111:2: warning: #warning The xbasics_type.h file is deprecated and users should use xil_types.h and xil_assert. [-Wcpp]
 #warning  The xbasics_type.h file is deprecated and users should use xil_types.h and xil_assert.
  ^~~~~~~
../../dual_ov5640_lcd_bsp/ps7_cortexa9_0/include/xbasic_types.h:112:2: warning: #warning Please refer the Standalone BSP UG647 for further details [-Wcpp]
 #warning  Please refer the Standalone BSP UG647 for further details
  ^~~~~~~
../src/main.c:15:10: fatal error: ff.h: No such file or directory
 #include "ff.h"
          ^~~~~~
compilation terminated.
make: *** [src/subdir.mk:23: src/main.o] Error 1
12:47:27 **** Auto Build of project dual_ov5640_lcd_bsp ****
make -k all 
"Running Make include in ps7_cortexa9_0/libsrc/axivdma_v6_6/src"
make -C ps7_cortexa9_0/libsrc/axivdma_v6_6/src -s include  "SHELL=CMD" "COMPILER=arm-none-eabi-gcc" "ARCHIVER=arm-none-eabi-ar" "COMPILER_FLAGS=  -O2 -c" "EXTRA_COMPILER_FLAGS=-mcpu=cortex-a9 -mfpu=vfpv3 -mfloat-abi=hard -nostartfiles -g -Wall -Wextra"
"Running Make include in ps7_cortexa9_0/libsrc/coresightps_dcc_v1_4/src"
make -C ps7_cortexa9_0/libsrc/coresightps_dcc_v1_4/src -s include  "SHELL=CMD" "COMPILER=arm-none-eabi-gcc" "ARCHIVER=arm-none-eabi-ar" "COMPILER_FLAGS=  -O2 -c" "EXTRA_COMPILER_FLAGS=-mcpu=cortex-a9 -mfpu=vfpv3 -mfloat-abi=hard -nostartfiles -g -Wall -Wextra"
"Running Make include in ps7_cortexa9_0/libsrc/cpu_cortexa9_v2_7/src"
make -C ps7_cortexa9_0/libsrc/cpu_cortexa9_v2_7/src -s include  "SHELL=CMD" "COMPILER=arm-none-eabi-gcc" "ARCHIVER=arm-none-eabi-ar" "COMPILER_FLAGS=  -O2 -c" "EXTRA_COMPILER_FLAGS=-mcpu=cortex-a9 -mfpu=vfpv3 -mfloat-abi=hard -nostartfiles -g -Wall -Wextra"
"Running Make include in ps7_cortexa9_0/libsrc/ddrps_v1_0/src"
make -C ps7_cortexa9_0/libsrc/ddrps_v1_0/src -s include  "SHELL=CMD" "COMPILER=arm-none-eabi-gcc" "ARCHIVER=arm-none-eabi-ar" "COMPILER_FLAGS=  -O2 -c" "EXTRA_COMPILER_FLAGS=-mcpu=cortex-a9 -mfpu=vfpv3 -mfloat-abi=hard -nostartfiles -g -Wall -Wextra"
"Running Make include in ps7_cortexa9_0/libsrc/devcfg_v3_5/src"
make -C ps7_cortexa9_0/libsrc/devcfg_v3_5/src -s include  "SHELL=CMD" "COMPILER=arm-none-eabi-gcc" "ARCHIVER=arm-none-eabi-ar" "COMPILER_FLAGS=  -O2 -c" "EXTRA_COMPILER_FLAGS=-mcpu=cortex-a9 -mfpu=vfpv3 -mfloat-abi=hard -nostartfiles -g -Wall -Wextra"
"Running Make include in ps7_cortexa9_0/libsrc/dmaps_v2_4/src"
make -C ps7_cortexa9_0/libsrc/dmaps_v2_4/src -s include  "SHELL=CMD" "COMPILER=arm-none-eabi-gcc" "ARCHIVER=arm-none-eabi-ar" "COMPILER_FLAGS=  -O2 -c" "EXTRA_COMPILER_FLAGS=-mcpu=cortex-a9 -mfpu=vfpv3 -mfloat-abi=hard -nostartfiles -g -Wall -Wextra"
"Running Make include in ps7_cortexa9_0/libsrc/gpiops_v3_4/src"
make -C ps7_cortexa9_0/libsrc/gpiops_v3_4/src -s include  "SHELL=CMD" "COMPILER=arm-none-eabi-gcc" "ARCHIVER=arm-none-eabi-ar" "COMPILER_FLAGS=  -O2 -c" "EXTRA_COMPILER_FLAGS=-mcpu=cortex-a9 -mfpu=vfpv3 -mfloat-abi=hard -nostartfiles -g -Wall -Wextra"
"Running Make include in ps7_cortexa9_0/libsrc/gpio_v4_3/src"
make -C ps7_cortexa9_0/libsrc/gpio_v4_3/src -s include  "SHELL=CMD" "COMPILER=arm-none-eabi-gcc" "ARCHIVER=arm-none-eabi-ar" "COMPILER_FLAGS=  -O2 -c" "EXTRA_COMPILER_FLAGS=-mcpu=cortex-a9 -mfpu=vfpv3 -mfloat-abi=hard -nostartfiles -g -Wall -Wextra"
"Running Make include in ps7_cortexa9_0/libsrc/osd_v4_0/src"
make -C ps7_cortexa9_0/libsrc/osd_v4_0/src -s include  "SHELL=CMD" "COMPILER=arm-none-eabi-gcc" "ARCHIVER=arm-none-eabi-ar" "COMPILER_FLAGS=  -O2 -c" "EXTRA_COMPILER_FLAGS=-mcpu=cortex-a9 -mfpu=vfpv3 -mfloat-abi=hard -nostartfiles -g -Wall -Wextra"
"Running Make include in ps7_cortexa9_0/libsrc/ov5640_rgb2gray_v1_0/src"
make -C ps7_cortexa9_0/libsrc/ov5640_rgb2gray_v1_0/src -s include  "SHELL=CMD" "COMPILER=arm-none-eabi-gcc" "ARCHIVER=arm-none-eabi-ar" "COMPILER_FLAGS=  -O2 -c" "EXTRA_COMPILER_FLAGS=-mcpu=cortex-a9 -mfpu=vfpv3 -mfloat-abi=hard -nostartfiles -g -Wall -Wextra"
"Running Make include in ps7_cortexa9_0/libsrc/qspips_v3_5/src"
make -C ps7_cortexa9_0/libsrc/qspips_v3_5/src -s include  "SHELL=CMD" "COMPILER=arm-none-eabi-gcc" "ARCHIVER=arm-none-eabi-ar" "COMPILER_FLAGS=  -O2 -c" "EXTRA_COMPILER_FLAGS=-mcpu=cortex-a9 -mfpu=vfpv3 -mfloat-abi=hard -nostartfiles -g -Wall -Wextra"
"Running Make include in ps7_cortexa9_0/libsrc/scugic_v3_10/src"
make -C ps7_cortexa9_0/libsrc/scugic_v3_10/src -s include  "SHELL=CMD" "COMPILER=arm-none-eabi-gcc" "ARCHIVER=arm-none-eabi-ar" "COMPILER_FLAGS=  -O2 -c" "EXTRA_COMPILER_FLAGS=-mcpu=cortex-a9 -mfpu=vfpv3 -mfloat-abi=hard -nostartfiles -g -Wall -Wextra"
"Running Make include in ps7_cortexa9_0/libsrc/scutimer_v2_1/src"
make -C ps7_cortexa9_0/libsrc/scutimer_v2_1/src -s include  "SHELL=CMD" "COMPILER=arm-none-eabi-gcc" "ARCHIVER=arm-none-eabi-ar" "COMPILER_FLAGS=  -O2 -c" "EXTRA_COMPILER_FLAGS=-mcpu=cortex-a9 -mfpu=vfpv3 -mfloat-abi=hard -nostartfiles -g -Wall -Wextra"
"Running Make include in ps7_cortexa9_0/libsrc/scuwdt_v2_1/src"
make -C ps7_cortexa9_0/libsrc/scuwdt_v2_1/src -s include  "SHELL=CMD" "COMPILER=arm-none-eabi-gcc" "ARCHIVER=arm-none-eabi-ar" "COMPILER_FLAGS=  -O2 -c" "EXTRA_COMPILER_FLAGS=-mcpu=cortex-a9 -mfpu=vfpv3 -mfloat-abi=hard -nostartfiles -g -Wall -Wextra"
"Running Make include in ps7_cortexa9_0/libsrc/sdps_v3_6/src"
make -C ps7_cortexa9_0/libsrc/sdps_v3_6/src -s include  "SHELL=CMD" "COMPILER=arm-none-eabi-gcc" "ARCHIVER=arm-none-eabi-ar" "COMPILER_FLAGS=  -O2 -c" "EXTRA_COMPILER_FLAGS=-mcpu=cortex-a9 -mfpu=vfpv3 -mfloat-abi=hard -nostartfiles -g -Wall -Wextra"
"Running Make include in ps7_cortexa9_0/libsrc/standalone_v6_8/src"
make -C ps7_cortexa9_0/libsrc/standalone_v6_8/src -s include  "SHELL=CMD" "COMPILER=arm-none-eabi-gcc" "ARCHIVER=arm-none-eabi-ar" "COMPILER_FLAGS=  -O2 -c" "EXTRA_COMPILER_FLAGS=-mcpu=cortex-a9 -mfpu=vfpv3 -mfloat-abi=hard -nostartfiles -g -Wall -Wextra"
"Running Make include in ps7_cortexa9_0/libsrc/uartps_v3_7/src"
make -C ps7_cortexa9_0/libsrc/uartps_v3_7/src -s include  "SHELL=CMD" "COMPILER=arm-none-eabi-gcc" "ARCHIVER=arm-none-eabi-ar" "COMPILER_FLAGS=  -O2 -c" "EXTRA_COMPILER_FLAGS=-mcpu=cortex-a9 -mfpu=vfpv3 -mfloat-abi=hard -nostartfiles -g -Wall -Wextra"
"Running Make include in ps7_cortexa9_0/libsrc/vtc_v8_0/src"
make -C ps7_cortexa9_0/libsrc/vtc_v8_0/src -s include  "SHELL=CMD" "COMPILER=arm-none-eabi-gcc" "ARCHIVER=arm-none-eabi-ar" "COMPILER_FLAGS=  -O2 -c" "EXTRA_COMPILER_FLAGS=-mcpu=cortex-a9 -mfpu=vfpv3 -mfloat-abi=hard -nostartfiles -g -Wall -Wextra"
"Running Make include in ps7_cortexa9_0/libsrc/xadcps_v2_3/src"
make -C ps7_cortexa9_0/libsrc/xadcps_v2_3/src -s include  "SHELL=CMD" "COMPILER=arm-none-eabi-gcc" "ARCHIVER=arm-none-eabi-ar" "COMPILER_FLAGS=  -O2 -c" "EXTRA_COMPILER_FLAGS=-mcpu=cortex-a9 -mfpu=vfpv3 -mfloat-abi=hard -nostartfiles -g -Wall -Wextra"
"Running Make include in ps7_cortexa9_0/libsrc/xilffs_v4_0/src"
make -C ps7_cortexa9_0/libsrc/xilffs_v4_0/src -s include  "SHELL=CMD" "COMPILER=arm-none-eabi-gcc" "ARCHIVER=arm-none-eabi-ar" "COMPILER_FLAGS=  -O2 -c" "EXTRA_COMPILER_FLAGS=-mcpu=cortex-a9 -mfpu=vfpv3 -mfloat-abi=hard -nostartfiles -g -Wall -Wextra"
"Running Make libs in ps7_cortexa9_0/libsrc/axivdma_v6_6/src"
make -C ps7_cortexa9_0/libsrc/axivdma_v6_6/src -s libs  "SHELL=CMD" "COMPILER=arm-none-eabi-gcc" "ARCHIVER=arm-none-eabi-ar" "COMPILER_FLAGS=  -O2 -c" "EXTRA_COMPILER_FLAGS=-mcpu=cortex-a9 -mfpu=vfpv3 -mfloat-abi=hard -nostartfiles -g -Wall -Wextra"
"Compiling axivdma"
arm-none-eabi-ar: creating ../../../lib/libxil.a
"Running Make libs in ps7_cortexa9_0/libsrc/coresightps_dcc_v1_4/src"
make -C ps7_cortexa9_0/libsrc/coresightps_dcc_v1_4/src -s libs  "SHELL=CMD" "COMPILER=arm-none-eabi-gcc" "ARCHIVER=arm-none-eabi-ar" "COMPILER_FLAGS=  -O2 -c" "EXTRA_COMPILER_FLAGS=-mcpu=cortex-a9 -mfpu=vfpv3 -mfloat-abi=hard -nostartfiles -g -Wall -Wextra"
"Compiling coresightps_dcc"
"Running Make libs in ps7_cortexa9_0/libsrc/cpu_cortexa9_v2_7/src"
make -C ps7_cortexa9_0/libsrc/cpu_cortexa9_v2_7/src -s libs  "SHELL=CMD" "COMPILER=arm-none-eabi-gcc" "ARCHIVER=arm-none-eabi-ar" "COMPILER_FLAGS=  -O2 -c" "EXTRA_COMPILER_FLAGS=-mcpu=cortex-a9 -mfpu=vfpv3 -mfloat-abi=hard -nostartfiles -g -Wall -Wextra"
"Compiling cpu_cortexa9"
"Running Make libs in ps7_cortexa9_0/libsrc/ddrps_v1_0/src"
make -C ps7_cortexa9_0/libsrc/ddrps_v1_0/src -s libs  "SHELL=CMD" "COMPILER=arm-none-eabi-gcc" "ARCHIVER=arm-none-eabi-ar" "COMPILER_FLAGS=  -O2 -c" "EXTRA_COMPILER_FLAGS=-mcpu=cortex-a9 -mfpu=vfpv3 -mfloat-abi=hard -nostartfiles -g -Wall -Wextra"
"Compiling ddrps"
"Running Make libs in ps7_cortexa9_0/libsrc/devcfg_v3_5/src"
make -C ps7_cortexa9_0/libsrc/devcfg_v3_5/src -s libs  "SHELL=CMD" "COMPILER=arm-none-eabi-gcc" "ARCHIVER=arm-none-eabi-ar" "COMPILER_FLAGS=  -O2 -c" "EXTRA_COMPILER_FLAGS=-mcpu=cortex-a9 -mfpu=vfpv3 -mfloat-abi=hard -nostartfiles -g -Wall -Wextra"
"Compiling devcfg"
"Running Make libs in ps7_cortexa9_0/libsrc/dmaps_v2_4/src"
make -C ps7_cortexa9_0/libsrc/dmaps_v2_4/src -s libs  "SHELL=CMD" "COMPILER=arm-none-eabi-gcc" "ARCHIVER=arm-none-eabi-ar" "COMPILER_FLAGS=  -O2 -c" "EXTRA_COMPILER_FLAGS=-mcpu=cortex-a9 -mfpu=vfpv3 -mfloat-abi=hard -nostartfiles -g -Wall -Wextra"
"Compiling dmaps"
"Running Make libs in ps7_cortexa9_0/libsrc/gpiops_v3_4/src"
make -C ps7_cortexa9_0/libsrc/gpiops_v3_4/src -s libs  "SHELL=CMD" "COMPILER=arm-none-eabi-gcc" "ARCHIVER=arm-none-eabi-ar" "COMPILER_FLAGS=  -O2 -c" "EXTRA_COMPILER_FLAGS=-mcpu=cortex-a9 -mfpu=vfpv3 -mfloat-abi=hard -nostartfiles -g -Wall -Wextra"
"Compiling gpiops"
"Running Make libs in ps7_cortexa9_0/libsrc/gpio_v4_3/src"
make -C ps7_cortexa9_0/libsrc/gpio_v4_3/src -s libs  "SHELL=CMD" "COMPILER=arm-none-eabi-gcc" "ARCHIVER=arm-none-eabi-ar" "COMPILER_FLAGS=  -O2 -c" "EXTRA_COMPILER_FLAGS=-mcpu=cortex-a9 -mfpu=vfpv3 -mfloat-abi=hard -nostartfiles -g -Wall -Wextra"
"Compiling gpio"
"Running Make libs in ps7_cortexa9_0/libsrc/osd_v4_0/src"
make -C ps7_cortexa9_0/libsrc/osd_v4_0/src -s libs  "SHELL=CMD" "COMPILER=arm-none-eabi-gcc" "ARCHIVER=arm-none-eabi-ar" "COMPILER_FLAGS=  -O2 -c" "EXTRA_COMPILER_FLAGS=-mcpu=cortex-a9 -mfpu=vfpv3 -mfloat-abi=hard -nostartfiles -g -Wall -Wextra"
"Compiling osd"
"Running Make libs in ps7_cortexa9_0/libsrc/ov5640_rgb2gray_v1_0/src"
make -C ps7_cortexa9_0/libsrc/ov5640_rgb2gray_v1_0/src -s libs  "SHELL=CMD" "COMPILER=arm-none-eabi-gcc" "ARCHIVER=arm-none-eabi-ar" "COMPILER_FLAGS=  -O2 -c" "EXTRA_COMPILER_FLAGS=-mcpu=cortex-a9 -mfpu=vfpv3 -mfloat-abi=hard -nostartfiles -g -Wall -Wextra"
"Compiling ov5640_rgb2gray"
"Running Make libs in ps7_cortexa9_0/libsrc/qspips_v3_5/src"
make -C ps7_cortexa9_0/libsrc/qspips_v3_5/src -s libs  "SHELL=CMD" "COMPILER=arm-none-eabi-gcc" "ARCHIVER=arm-none-eabi-ar" "COMPILER_FLAGS=  -O2 -c" "EXTRA_COMPILER_FLAGS=-mcpu=cortex-a9 -mfpu=vfpv3 -mfloat-abi=hard -nostartfiles -g -Wall -Wextra"
"Compiling qspips"
"Running Make libs in ps7_cortexa9_0/libsrc/scugic_v3_10/src"
make -C ps7_cortexa9_0/libsrc/scugic_v3_10/src -s libs  "SHELL=CMD" "COMPILER=arm-none-eabi-gcc" "ARCHIVER=arm-none-eabi-ar" "COMPILER_FLAGS=  -O2 -c" "EXTRA_COMPILER_FLAGS=-mcpu=cortex-a9 -mfpu=vfpv3 -mfloat-abi=hard -nostartfiles -g -Wall -Wextra"
"Compiling scugic"
"Running Make libs in ps7_cortexa9_0/libsrc/scutimer_v2_1/src"
make -C ps7_cortexa9_0/libsrc/scutimer_v2_1/src -s libs  "SHELL=CMD" "COMPILER=arm-none-eabi-gcc" "ARCHIVER=arm-none-eabi-ar" "COMPILER_FLAGS=  -O2 -c" "EXTRA_COMPILER_FLAGS=-mcpu=cortex-a9 -mfpu=vfpv3 -mfloat-abi=hard -nostartfiles -g -Wall -Wextra"
"Compiling scutimer"
"Running Make libs in ps7_cortexa9_0/libsrc/scuwdt_v2_1/src"
make -C ps7_cortexa9_0/libsrc/scuwdt_v2_1/src -s libs  "SHELL=CMD" "COMPILER=arm-none-eabi-gcc" "ARCHIVER=arm-none-eabi-ar" "COMPILER_FLAGS=  -O2 -c" "EXTRA_COMPILER_FLAGS=-mcpu=cortex-a9 -mfpu=vfpv3 -mfloat-abi=hard -nostartfiles -g -Wall -Wextra"
"Compiling scuwdt"
"Running Make libs in ps7_cortexa9_0/libsrc/sdps_v3_6/src"
make -C ps7_cortexa9_0/libsrc/sdps_v3_6/src -s libs  "SHELL=CMD" "COMPILER=arm-none-eabi-gcc" "ARCHIVER=arm-none-eabi-ar" "COMPILER_FLAGS=  -O2 -c" "EXTRA_COMPILER_FLAGS=-mcpu=cortex-a9 -mfpu=vfpv3 -mfloat-abi=hard -nostartfiles -g -Wall -Wextra"
"Compiling sdps"
"Running Make libs in ps7_cortexa9_0/libsrc/standalone_v6_8/src"
make -C ps7_cortexa9_0/libsrc/standalone_v6_8/src -s libs  "SHELL=CMD" "COMPILER=arm-none-eabi-gcc" "ARCHIVER=arm-none-eabi-ar" "COMPILER_FLAGS=  -O2 -c" "EXTRA_COMPILER_FLAGS=-mcpu=cortex-a9 -mfpu=vfpv3 -mfloat-abi=hard -nostartfiles -g -Wall -Wextra"
"Compiling standalone"
In file included from usleep.c:56:0:
xtime_l.h:87:9: note: #pragma message: For the sleep routines, Global timer is being used
 #pragma message ("For the sleep routines, Global timer is being used")
         ^~~~~~~
In file included from xil_sleeptimer.c:51:0:
xtime_l.h:87:9: note: #pragma message: For the sleep routines, Global timer is being used
 #pragma message ("For the sleep routines, Global timer is being used")
         ^~~~~~~
In file included from xtime_l.c:49:0:
xtime_l.h:87:9: note: #pragma message: For the sleep routines, Global timer is being used
 #pragma message ("For the sleep routines, Global timer is being used")
         ^~~~~~~
In file included from sleep.c:53:0:
xtime_l.h:87:9: note: #pragma message: For the sleep routines, Global timer is being used
 #pragma message ("For the sleep routines, Global timer is being used")
         ^~~~~~~
"Running Make libs in ps7_cortexa9_0/libsrc/uartps_v3_7/src"
make -C ps7_cortexa9_0/libsrc/uartps_v3_7/src -s libs  "SHELL=CMD" "COMPILER=arm-none-eabi-gcc" "ARCHIVER=arm-none-eabi-ar" "COMPILER_FLAGS=  -O2 -c" "EXTRA_COMPILER_FLAGS=-mcpu=cortex-a9 -mfpu=vfpv3 -mfloat-abi=hard -nostartfiles -g -Wall -Wextra"
"Compiling uartps"
"Running Make libs in ps7_cortexa9_0/libsrc/vtc_v8_0/src"
make -C ps7_cortexa9_0/libsrc/vtc_v8_0/src -s libs  "SHELL=CMD" "COMPILER=arm-none-eabi-gcc" "ARCHIVER=arm-none-eabi-ar" "COMPILER_FLAGS=  -O2 -c" "EXTRA_COMPILER_FLAGS=-mcpu=cortex-a9 -mfpu=vfpv3 -mfloat-abi=hard -nostartfiles -g -Wall -Wextra"
"Compiling video timing controller"
"Running Make libs in ps7_cortexa9_0/libsrc/xadcps_v2_3/src"
make -C ps7_cortexa9_0/libsrc/xadcps_v2_3/src -s libs  "SHELL=CMD" "COMPILER=arm-none-eabi-gcc" "ARCHIVER=arm-none-eabi-ar" "COMPILER_FLAGS=  -O2 -c" "EXTRA_COMPILER_FLAGS=-mcpu=cortex-a9 -mfpu=vfpv3 -mfloat-abi=hard -nostartfiles -g -Wall -Wextra"
"Compiling xadcps"
"Running Make libs in ps7_cortexa9_0/libsrc/xilffs_v4_0/src"
make -C ps7_cortexa9_0/libsrc/xilffs_v4_0/src -s libs  "SHELL=CMD" "COMPILER=arm-none-eabi-gcc" "ARCHIVER=arm-none-eabi-ar" "COMPILER_FLAGS=  -O2 -c" "EXTRA_COMPILER_FLAGS=-mcpu=cortex-a9 -mfpu=vfpv3 -mfloat-abi=hard -nostartfiles -g -Wall -Wextra"
"Compiling XilFFs Library"
'Finished building libraries'
12:47:58 **** Clean-only build of configuration Debug for project dual_ov5640_lcd ****
make clean 
rm -rf  ./src/vdma_api/vdma_api.o  ./src/ov5640/ov5640_init.o  ./src/osd/osd.o  ./src/emio_sccb_cfg/emio_sccb_cfg.o  ./src/dynclk/dynclk.o  ./src/display_ctrl/display_ctrl.o  ./src/main.o  ./src/vdma_api/vdma_api.d  ./src/ov5640/ov5640_init.d  ./src/osd/osd.d  ./src/emio_sccb_cfg/emio_sccb_cfg.d  ./src/dynclk/dynclk.d  ./src/display_ctrl/display_ctrl.d  ./src/main.d  dual_ov5640_lcd.elf.size  dual_ov5640_lcd.elf
' '
12:47:58 **** Auto Build of configuration Debug for project dual_ov5640_lcd ****
make pre-build main-build 
a9-linaro-pre-build-step
' '
'Building file: ../src/vdma_api/vdma_api.c'
'Invoking: ARM v7 gcc compiler'
arm-none-eabi-gcc -Wall -O0 -g3 -c -fmessage-length=0 -MT"src/vdma_api/vdma_api.o" -mcpu=cortex-a9 -mfpu=vfpv3 -mfloat-abi=hard -I../../dual_ov5640_lcd_bsp/ps7_cortexa9_0/include -MMD -MP -MF"src/vdma_api/vdma_api.d" -MT"src/vdma_api/vdma_api.o" -o "src/vdma_api/vdma_api.o" "../src/vdma_api/vdma_api.c"
'Finished building: ../src/vdma_api/vdma_api.c'
' '
'Building file: ../src/ov5640/ov5640_init.c'
'Invoking: ARM v7 gcc compiler'
arm-none-eabi-gcc -Wall -O0 -g3 -c -fmessage-length=0 -MT"src/ov5640/ov5640_init.o" -mcpu=cortex-a9 -mfpu=vfpv3 -mfloat-abi=hard -I../../dual_ov5640_lcd_bsp/ps7_cortexa9_0/include -MMD -MP -MF"src/ov5640/ov5640_init.d" -MT"src/ov5640/ov5640_init.o" -o "src/ov5640/ov5640_init.o" "../src/ov5640/ov5640_init.c"
'Finished building: ../src/ov5640/ov5640_init.c'
' '
'Building file: ../src/osd/osd.c'
'Invoking: ARM v7 gcc compiler'
arm-none-eabi-gcc -Wall -O0 -g3 -c -fmessage-length=0 -MT"src/osd/osd.o" -mcpu=cortex-a9 -mfpu=vfpv3 -mfloat-abi=hard -I../../dual_ov5640_lcd_bsp/ps7_cortexa9_0/include -MMD -MP -MF"src/osd/osd.d" -MT"src/osd/osd.o" -o "src/osd/osd.o" "../src/osd/osd.c"
In file included from ../src/osd/osd.c:2:0:
../../dual_ov5640_lcd_bsp/ps7_cortexa9_0/include/xbasic_types.h:111:2: warning: #warning The xbasics_type.h file is deprecated and users should use xil_types.h and xil_assert. [-Wcpp]
 #warning  The xbasics_type.h file is deprecated and users should use xil_types.h and xil_assert.
  ^~~~~~~
../../dual_ov5640_lcd_bsp/ps7_cortexa9_0/include/xbasic_types.h:112:2: warning: #warning Please refer the Standalone BSP UG647 for further details [-Wcpp]
 #warning  Please refer the Standalone BSP UG647 for further details
  ^~~~~~~
'Finished building: ../src/osd/osd.c'
' '
'Building file: ../src/emio_sccb_cfg/emio_sccb_cfg.c'
'Invoking: ARM v7 gcc compiler'
arm-none-eabi-gcc -Wall -O0 -g3 -c -fmessage-length=0 -MT"src/emio_sccb_cfg/emio_sccb_cfg.o" -mcpu=cortex-a9 -mfpu=vfpv3 -mfloat-abi=hard -I../../dual_ov5640_lcd_bsp/ps7_cortexa9_0/include -MMD -MP -MF"src/emio_sccb_cfg/emio_sccb_cfg.d" -MT"src/emio_sccb_cfg/emio_sccb_cfg.o" -o "src/emio_sccb_cfg/emio_sccb_cfg.o" "../src/emio_sccb_cfg/emio_sccb_cfg.c"
'Finished building: ../src/emio_sccb_cfg/emio_sccb_cfg.c'
' '
'Building file: ../src/dynclk/dynclk.c'
'Invoking: ARM v7 gcc compiler'
arm-none-eabi-gcc -Wall -O0 -g3 -c -fmessage-length=0 -MT"src/dynclk/dynclk.o" -mcpu=cortex-a9 -mfpu=vfpv3 -mfloat-abi=hard -I../../dual_ov5640_lcd_bsp/ps7_cortexa9_0/include -MMD -MP -MF"src/dynclk/dynclk.d" -MT"src/dynclk/dynclk.o" -o "src/dynclk/dynclk.o" "../src/dynclk/dynclk.c"
'Finished building: ../src/dynclk/dynclk.c'
' '
'Building file: ../src/display_ctrl/display_ctrl.c'
'Invoking: ARM v7 gcc compiler'
arm-none-eabi-gcc -Wall -O0 -g3 -c -fmessage-length=0 -MT"src/display_ctrl/display_ctrl.o" -mcpu=cortex-a9 -mfpu=vfpv3 -mfloat-abi=hard -I../../dual_ov5640_lcd_bsp/ps7_cortexa9_0/include -MMD -MP -MF"src/display_ctrl/display_ctrl.d" -MT"src/display_ctrl/display_ctrl.o" -o "src/display_ctrl/display_ctrl.o" "../src/display_ctrl/display_ctrl.c"
'Finished building: ../src/display_ctrl/display_ctrl.c'
' '
'Building file: ../src/main.c'
'Invoking: ARM v7 gcc compiler'
arm-none-eabi-gcc -Wall -O0 -g3 -c -fmessage-length=0 -MT"src/main.o" -mcpu=cortex-a9 -mfpu=vfpv3 -mfloat-abi=hard -I../../dual_ov5640_lcd_bsp/ps7_cortexa9_0/include -MMD -MP -MF"src/main.d" -MT"src/main.o" -o "src/main.o" "../src/main.c"
In file included from ../src/osd/osd.h:26:0,
                 from ../src/main.c:14:
../../dual_ov5640_lcd_bsp/ps7_cortexa9_0/include/xbasic_types.h:111:2: warning: #warning The xbasics_type.h file is deprecated and users should use xil_types.h and xil_assert. [-Wcpp]
 #warning  The xbasics_type.h file is deprecated and users should use xil_types.h and xil_assert.
  ^~~~~~~
../../dual_ov5640_lcd_bsp/ps7_cortexa9_0/include/xbasic_types.h:112:2: warning: #warning Please refer the Standalone BSP UG647 for further details [-Wcpp]
 #warning  Please refer the Standalone BSP UG647 for further details
  ^~~~~~~
'Finished building: ../src/main.c'
' '
'Building target: dual_ov5640_lcd.elf'
'Invoking: ARM v7 gcc linker'
arm-none-eabi-gcc -mcpu=cortex-a9 -mfpu=vfpv3 -mfloat-abi=hard -Wl,-build-id=none -specs=Xilinx.spec -Wl,-T -Wl,../src/lscript.ld -L../../dual_ov5640_lcd_bsp/ps7_cortexa9_0/lib -o "dual_ov5640_lcd.elf"  ./src/vdma_api/vdma_api.o  ./src/ov5640/ov5640_init.o  ./src/osd/osd.o  ./src/emio_sccb_cfg/emio_sccb_cfg.o  ./src/dynclk/dynclk.o  ./src/display_ctrl/display_ctrl.o  ./src/main.o   -Wl,--start-group,-lxil,-lgcc,-lc,--end-group -Wl,--start-group,-lxilffs,-lxil,-lgcc,-lc,--end-group
'Finished building target: dual_ov5640_lcd.elf'
' '
'Invoking: ARM v7 Print Size'
arm-none-eabi-size dual_ov5640_lcd.elf  |tee "dual_ov5640_lcd.elf.size"
   text	   data	    bss	    dec	    hex	filename
 213644	   4576	  32672	 250892	  3d40c	dual_ov5640_lcd.elf
'Finished building: dual_ov5640_lcd.elf.size'
' '
12:48:20 **** Auto Build of configuration Debug for project dual_ov5640_lcd ****
make pre-build main-build 
a9-linaro-pre-build-step
' '
make: Nothing to be done for 'main-build'.
12:48:38 **** Auto Build of configuration Debug for project dual_ov5640_lcd ****
make pre-build main-build 
a9-linaro-pre-build-step
' '
'Building file: ../src/uart/uart.c'
'Invoking: ARM v7 gcc compiler'
arm-none-eabi-gcc -Wall -O0 -g3 -c -fmessage-length=0 -MT"src/uart/uart.o" -mcpu=cortex-a9 -mfpu=vfpv3 -mfloat-abi=hard -I../../dual_ov5640_lcd_bsp/ps7_cortexa9_0/include -MMD -MP -MF"src/uart/uart.d" -MT"src/uart/uart.o" -o "src/uart/uart.o" "../src/uart/uart.c"
'Finished building: ../src/uart/uart.c'
' '
'Building target: dual_ov5640_lcd.elf'
'Invoking: ARM v7 gcc linker'
arm-none-eabi-gcc -mcpu=cortex-a9 -mfpu=vfpv3 -mfloat-abi=hard -Wl,-build-id=none -specs=Xilinx.spec -Wl,-T -Wl,../src/lscript.ld -L../../dual_ov5640_lcd_bsp/ps7_cortexa9_0/lib -o "dual_ov5640_lcd.elf"  ./src/vdma_api/vdma_api.o  ./src/uart/uart.o  ./src/ov5640/ov5640_init.o  ./src/osd/osd.o  ./src/emio_sccb_cfg/emio_sccb_cfg.o  ./src/dynclk/dynclk.o  ./src/display_ctrl/display_ctrl.o  ./src/main.o   -Wl,--start-group,-lxil,-lgcc,-lc,--end-group -Wl,--start-group,-lxilffs,-lxil,-lgcc,-lc,--end-group
'Finished building target: dual_ov5640_lcd.elf'
' '
'Invoking: ARM v7 Print Size'
arm-none-eabi-size dual_ov5640_lcd.elf  |tee "dual_ov5640_lcd.elf.size"
   text	   data	    bss	    dec	    hex	filename
 213644	   4576	  32672	 250892	  3d40c	dual_ov5640_lcd.elf
'Finished building: dual_ov5640_lcd.elf.size'
' '
12:50:40 **** Auto Build of configuration Debug for project dual_ov5640_lcd ****
make pre-build main-build 
a9-linaro-pre-build-step
' '
make: Nothing to be done for 'main-build'.
12:50:50 **** Auto Build of configuration Debug for project dual_ov5640_lcd ****
make pre-build main-build 
a9-linaro-pre-build-step
' '
'Building file: ../src/uart/uart.c'
'Invoking: ARM v7 gcc compiler'
arm-none-eabi-gcc -Wall -O0 -g3 -c -fmessage-length=0 -MT"src/uart/uart.o" -mcpu=cortex-a9 -mfpu=vfpv3 -mfloat-abi=hard -I../../dual_ov5640_lcd_bsp/ps7_cortexa9_0/include -MMD -MP -MF"src/uart/uart.d" -MT"src/uart/uart.o" -o "src/uart/uart.o" "../src/uart/uart.c"
../src/uart/uart.c:1:9: fatal error: uart.h: No such file or directory
 #include"uart.h"
         ^~~~~~~~
compilation terminated.
make: *** [src/uart/subdir.mk:20: src/uart/uart.o] Error 1
12:51:56 **** Clean-only build of configuration Debug for project dual_ov5640_lcd ****
make clean 
rm -rf  ./src/vdma_api/vdma_api.o  ./src/uart/uart.o  ./src/ov5640/ov5640_init.o  ./src/osd/osd.o  ./src/emio_sccb_cfg/emio_sccb_cfg.o  ./src/dynclk/dynclk.o  ./src/display_ctrl/display_ctrl.o  ./src/main.o  ./src/vdma_api/vdma_api.d  ./src/uart/uart.d  ./src/ov5640/ov5640_init.d  ./src/osd/osd.d  ./src/emio_sccb_cfg/emio_sccb_cfg.d  ./src/dynclk/dynclk.d  ./src/display_ctrl/display_ctrl.d  ./src/main.d  dual_ov5640_lcd.elf.size  dual_ov5640_lcd.elf
' '
12:51:56 **** Auto Build of configuration Debug for project dual_ov5640_lcd ****
make pre-build main-build 
a9-linaro-pre-build-step
' '
'Building file: ../src/vdma_api/vdma_api.c'
'Invoking: ARM v7 gcc compiler'
arm-none-eabi-gcc -Wall -O0 -g3 -c -fmessage-length=0 -MT"src/vdma_api/vdma_api.o" -mcpu=cortex-a9 -mfpu=vfpv3 -mfloat-abi=hard -I../../dual_ov5640_lcd_bsp/ps7_cortexa9_0/include -MMD -MP -MF"src/vdma_api/vdma_api.d" -MT"src/vdma_api/vdma_api.o" -o "src/vdma_api/vdma_api.o" "../src/vdma_api/vdma_api.c"
'Finished building: ../src/vdma_api/vdma_api.c'
' '
'Building file: ../src/uart/uart.c'
'Invoking: ARM v7 gcc compiler'
arm-none-eabi-gcc -Wall -O0 -g3 -c -fmessage-length=0 -MT"src/uart/uart.o" -mcpu=cortex-a9 -mfpu=vfpv3 -mfloat-abi=hard -I../../dual_ov5640_lcd_bsp/ps7_cortexa9_0/include -MMD -MP -MF"src/uart/uart.d" -MT"src/uart/uart.o" -o "src/uart/uart.o" "../src/uart/uart.c"
../src/uart/uart.c: In function 'uart_intr_init':
../src/uart/uart.c:78:2: error: stray '\327' in program
  子哥在线教学： www
  ^
../src/uart/uart.c:78:3: error: stray '\323' in program
  子哥在线教学： www
   ^
../src/uart/uart.c:78:4: error: stray '\270' in program
  子哥在线教学： www
    ^
../src/uart/uart.c:78:5: error: stray '\347' in program
  子哥在线教学： www
     ^
../src/uart/uart.c:78:6: error: stray '\324' in program
  子哥在线教学： www
      ^
../src/uart/uart.c:78:7: error: stray '\332' in program
  子哥在线教学： www
       ^
../src/uart/uart.c:78:8: error: stray '\317' in program
  子哥在线教学： www
        ^
../src/uart/uart.c:78:9: error: stray '\337' in program
  子哥在线教学： www
         ^
../src/uart/uart.c:78:10: error: stray '\275' in program
  子哥在线教学： www
          ^
../src/uart/uart.c:78:11: error: stray '\314' in program
  子哥在线教学： www
           ^
../src/uart/uart.c:78:12: error: stray '\321' in program
  子哥在线教学： www
            ^
../src/uart/uart.c:78:13: error: stray '\247' in program
  子哥在线教学： www
             ^
../src/uart/uart.c:78:14: error: stray '\243' in program
  子哥在线教学： www
              ^
../src/uart/uart.c:78:15: error: stray '\272' in program
  子哥在线教学： www
               ^
../src/uart/uart.c:78:17: error: 'www' undeclared (first use in this function)
  子哥在线教学： www
                 ^~~
../src/uart/uart.c:78:17: note: each undeclared identifier is reported only once for each function it appears in
../src/uart/uart.c:79:16: error: stray '\302' in program
  .yuanzige.com 论坛:www.openedv.com
                ^
../src/uart/uart.c:79:17: error: stray '\333' in program
  .yuanzige.com 论坛:www.openedv.com
                 ^
../src/uart/uart.c:79:18: error: stray '\314' in program
  .yuanzige.com 论坛:www.openedv.com
                  ^
../src/uart/uart.c:79:19: error: stray '\263' in program
  .yuanzige.com 论坛:www.openedv.com
                   ^
../src/uart/uart.c:79:20: error: expected ';' before ':' token
  .yuanzige.com 论坛:www.openedv.com
                    ^
../src/uart/uart.c:81:2: error: stray '\272' in program
  航者 ZYNQ 之嵌入式 SDK 开发指南
  ^
../src/uart/uart.c:81:3: error: stray '\275' in program
  航者 ZYNQ 之嵌入式 SDK 开发指南
   ^
../src/uart/uart.c:81:4: error: stray '\325' in program
  航者 ZYNQ 之嵌入式 SDK 开发指南
    ^
../src/uart/uart.c:81:5: error: stray '\337' in program
  航者 ZYNQ 之嵌入式 SDK 开发指南
     ^
../src/uart/uart.c:81:12: error: stray '\326' in program
  航者 ZYNQ 之嵌入式 SDK 开发指南
            ^
../src/uart/uart.c:81:13: error: stray '\256' in program
  航者 ZYNQ 之嵌入式 SDK 开发指南
             ^
../src/uart/uart.c:81:14: error: stray '\307' in program
  航者 ZYNQ 之嵌入式 SDK 开发指南
              ^
../src/uart/uart.c:81:15: error: stray '\266' in program
  航者 ZYNQ 之嵌入式 SDK 开发指南
               ^
../src/uart/uart.c:81:16: error: stray '\310' in program
  航者 ZYNQ 之嵌入式 SDK 开发指南
                ^
../src/uart/uart.c:81:17: error: stray '\353' in program
  航者 ZYNQ 之嵌入式 SDK 开发指南
                 ^
../src/uart/uart.c:81:18: error: stray '\312' in program
  航者 ZYNQ 之嵌入式 SDK 开发指南
                  ^
../src/uart/uart.c:81:19: error: stray '\275' in program
  航者 ZYNQ 之嵌入式 SDK 开发指南
                   ^
../src/uart/uart.c:81:25: error: stray '\277' in program
  航者 ZYNQ 之嵌入式 SDK 开发指南
                         ^
../src/uart/uart.c:81:26: error: stray '\252' in program
  航者 ZYNQ 之嵌入式 SDK 开发指南
                          ^
../src/uart/uart.c:81:27: error: stray '\267' in program
  航者 ZYNQ 之嵌入式 SDK 开发指南
                           ^
../src/uart/uart.c:81:28: error: stray '\242' in program
  航者 ZYNQ 之嵌入式 SDK 开发指南
                            ^
../src/uart/uart.c:81:29: error: stray '\326' in program
  航者 ZYNQ 之嵌入式 SDK 开发指南
                             ^
../src/uart/uart.c:81:30: error: stray '\270' in program
  航者 ZYNQ 之嵌入式 SDK 开发指南
                              ^
../src/uart/uart.c:81:31: error: stray '\304' in program
  航者 ZYNQ 之嵌入式 SDK 开发指南
                               ^
../src/uart/uart.c:81:32: error: stray '\317' in program
  航者 ZYNQ 之嵌入式 SDK 开发指南
                                ^
make: *** [src/uart/subdir.mk:20: src/uart/uart.o] Error 1
12:53:40 **** Auto Build of configuration Debug for project dual_ov5640_lcd ****
make pre-build main-build 
a9-linaro-pre-build-step
' '
'Building file: ../src/uart/uart.c'
'Invoking: ARM v7 gcc compiler'
arm-none-eabi-gcc -Wall -O0 -g3 -c -fmessage-length=0 -MT"src/uart/uart.o" -mcpu=cortex-a9 -mfpu=vfpv3 -mfloat-abi=hard -I../../dual_ov5640_lcd_bsp/ps7_cortexa9_0/include -MMD -MP -MF"src/uart/uart.d" -MT"src/uart/uart.o" -o "src/uart/uart.o" "../src/uart/uart.c"
'Finished building: ../src/uart/uart.c'
' '
'Building file: ../src/ov5640/ov5640_init.c'
'Invoking: ARM v7 gcc compiler'
arm-none-eabi-gcc -Wall -O0 -g3 -c -fmessage-length=0 -MT"src/ov5640/ov5640_init.o" -mcpu=cortex-a9 -mfpu=vfpv3 -mfloat-abi=hard -I../../dual_ov5640_lcd_bsp/ps7_cortexa9_0/include -MMD -MP -MF"src/ov5640/ov5640_init.d" -MT"src/ov5640/ov5640_init.o" -o "src/ov5640/ov5640_init.o" "../src/ov5640/ov5640_init.c"
'Finished building: ../src/ov5640/ov5640_init.c'
' '
'Building file: ../src/osd/osd.c'
'Invoking: ARM v7 gcc compiler'
arm-none-eabi-gcc -Wall -O0 -g3 -c -fmessage-length=0 -MT"src/osd/osd.o" -mcpu=cortex-a9 -mfpu=vfpv3 -mfloat-abi=hard -I../../dual_ov5640_lcd_bsp/ps7_cortexa9_0/include -MMD -MP -MF"src/osd/osd.d" -MT"src/osd/osd.o" -o "src/osd/osd.o" "../src/osd/osd.c"
In file included from ../src/osd/osd.c:2:0:
../../dual_ov5640_lcd_bsp/ps7_cortexa9_0/include/xbasic_types.h:111:2: warning: #warning The xbasics_type.h file is deprecated and users should use xil_types.h and xil_assert. [-Wcpp]
 #warning  The xbasics_type.h file is deprecated and users should use xil_types.h and xil_assert.
  ^~~~~~~
../../dual_ov5640_lcd_bsp/ps7_cortexa9_0/include/xbasic_types.h:112:2: warning: #warning Please refer the Standalone BSP UG647 for further details [-Wcpp]
 #warning  Please refer the Standalone BSP UG647 for further details
  ^~~~~~~
'Finished building: ../src/osd/osd.c'
' '
'Building file: ../src/emio_sccb_cfg/emio_sccb_cfg.c'
'Invoking: ARM v7 gcc compiler'
arm-none-eabi-gcc -Wall -O0 -g3 -c -fmessage-length=0 -MT"src/emio_sccb_cfg/emio_sccb_cfg.o" -mcpu=cortex-a9 -mfpu=vfpv3 -mfloat-abi=hard -I../../dual_ov5640_lcd_bsp/ps7_cortexa9_0/include -MMD -MP -MF"src/emio_sccb_cfg/emio_sccb_cfg.d" -MT"src/emio_sccb_cfg/emio_sccb_cfg.o" -o "src/emio_sccb_cfg/emio_sccb_cfg.o" "../src/emio_sccb_cfg/emio_sccb_cfg.c"
'Finished building: ../src/emio_sccb_cfg/emio_sccb_cfg.c'
' '
'Building file: ../src/dynclk/dynclk.c'
'Invoking: ARM v7 gcc compiler'
arm-none-eabi-gcc -Wall -O0 -g3 -c -fmessage-length=0 -MT"src/dynclk/dynclk.o" -mcpu=cortex-a9 -mfpu=vfpv3 -mfloat-abi=hard -I../../dual_ov5640_lcd_bsp/ps7_cortexa9_0/include -MMD -MP -MF"src/dynclk/dynclk.d" -MT"src/dynclk/dynclk.o" -o "src/dynclk/dynclk.o" "../src/dynclk/dynclk.c"
'Finished building: ../src/dynclk/dynclk.c'
' '
'Building file: ../src/display_ctrl/display_ctrl.c'
'Invoking: ARM v7 gcc compiler'
arm-none-eabi-gcc -Wall -O0 -g3 -c -fmessage-length=0 -MT"src/display_ctrl/display_ctrl.o" -mcpu=cortex-a9 -mfpu=vfpv3 -mfloat-abi=hard -I../../dual_ov5640_lcd_bsp/ps7_cortexa9_0/include -MMD -MP -MF"src/display_ctrl/display_ctrl.d" -MT"src/display_ctrl/display_ctrl.o" -o "src/display_ctrl/display_ctrl.o" "../src/display_ctrl/display_ctrl.c"
'Finished building: ../src/display_ctrl/display_ctrl.c'
' '
'Building file: ../src/main.c'
'Invoking: ARM v7 gcc compiler'
arm-none-eabi-gcc -Wall -O0 -g3 -c -fmessage-length=0 -MT"src/main.o" -mcpu=cortex-a9 -mfpu=vfpv3 -mfloat-abi=hard -I../../dual_ov5640_lcd_bsp/ps7_cortexa9_0/include -MMD -MP -MF"src/main.d" -MT"src/main.o" -o "src/main.o" "../src/main.c"
In file included from ../src/osd/osd.h:26:0,
                 from ../src/main.c:14:
../../dual_ov5640_lcd_bsp/ps7_cortexa9_0/include/xbasic_types.h:111:2: warning: #warning The xbasics_type.h file is deprecated and users should use xil_types.h and xil_assert. [-Wcpp]
 #warning  The xbasics_type.h file is deprecated and users should use xil_types.h and xil_assert.
  ^~~~~~~
../../dual_ov5640_lcd_bsp/ps7_cortexa9_0/include/xbasic_types.h:112:2: warning: #warning Please refer the Standalone BSP UG647 for further details [-Wcpp]
 #warning  Please refer the Standalone BSP UG647 for further details
  ^~~~~~~
'Finished building: ../src/main.c'
' '
'Building target: dual_ov5640_lcd.elf'
'Invoking: ARM v7 gcc linker'
arm-none-eabi-gcc -mcpu=cortex-a9 -mfpu=vfpv3 -mfloat-abi=hard -Wl,-build-id=none -specs=Xilinx.spec -Wl,-T -Wl,../src/lscript.ld -L../../dual_ov5640_lcd_bsp/ps7_cortexa9_0/lib -o "dual_ov5640_lcd.elf"  ./src/vdma_api/vdma_api.o  ./src/uart/uart.o  ./src/ov5640/ov5640_init.o  ./src/osd/osd.o  ./src/emio_sccb_cfg/emio_sccb_cfg.o  ./src/dynclk/dynclk.o  ./src/display_ctrl/display_ctrl.o  ./src/main.o   -Wl,--start-group,-lxil,-lgcc,-lc,--end-group -Wl,--start-group,-lxilffs,-lxil,-lgcc,-lc,--end-group
./src/main.o: In function `main':
C:\Users\86182\Desktop\dual_ov5640_lcd_gray\dual_ov5640_lcd.sdk\dual_ov5640_lcd\Debug/../src/main.c:86: multiple definition of `main'
./src/uart/uart.o:C:\Users\86182\Desktop\dual_ov5640_lcd_gray\dual_ov5640_lcd.sdk\dual_ov5640_lcd\Debug/../src/uart/uart.c:94: first defined here
collect2.exe: error: ld returned 1 exit status
make: *** [makefile:48: dual_ov5640_lcd.elf] Error 1
12:54:05 **** Auto Build of configuration Debug for project dual_ov5640_lcd ****
make pre-build main-build 
a9-linaro-pre-build-step
' '
'Building file: ../src/uart/uart.c'
'Invoking: ARM v7 gcc compiler'
arm-none-eabi-gcc -Wall -O0 -g3 -c -fmessage-length=0 -MT"src/uart/uart.o" -mcpu=cortex-a9 -mfpu=vfpv3 -mfloat-abi=hard -I../../dual_ov5640_lcd_bsp/ps7_cortexa9_0/include -MMD -MP -MF"src/uart/uart.d" -MT"src/uart/uart.o" -o "src/uart/uart.o" "../src/uart/uart.c"
'Finished building: ../src/uart/uart.c'
' '
'Building target: dual_ov5640_lcd.elf'
'Invoking: ARM v7 gcc linker'
arm-none-eabi-gcc -mcpu=cortex-a9 -mfpu=vfpv3 -mfloat-abi=hard -Wl,-build-id=none -specs=Xilinx.spec -Wl,-T -Wl,../src/lscript.ld -L../../dual_ov5640_lcd_bsp/ps7_cortexa9_0/lib -o "dual_ov5640_lcd.elf"  ./src/vdma_api/vdma_api.o  ./src/uart/uart.o  ./src/ov5640/ov5640_init.o  ./src/osd/osd.o  ./src/emio_sccb_cfg/emio_sccb_cfg.o  ./src/dynclk/dynclk.o  ./src/display_ctrl/display_ctrl.o  ./src/main.o   -Wl,--start-group,-lxil,-lgcc,-lc,--end-group -Wl,--start-group,-lxilffs,-lxil,-lgcc,-lc,--end-group
'Finished building target: dual_ov5640_lcd.elf'
' '
'Invoking: ARM v7 Print Size'
arm-none-eabi-size dual_ov5640_lcd.elf  |tee "dual_ov5640_lcd.elf.size"
   text	   data	    bss	    dec	    hex	filename
 222660	   5416	  32800	 260876	  3fb0c	dual_ov5640_lcd.elf
'Finished building: dual_ov5640_lcd.elf.size'
' '
12:54:06 **** Auto Build of configuration Debug for project dual_ov5640_lcd ****
make pre-build main-build 
a9-linaro-pre-build-step
' '
'Building file: ../src/uart/uart.c'
'Invoking: ARM v7 gcc compiler'
arm-none-eabi-gcc -Wall -O0 -g3 -c -fmessage-length=0 -MT"src/uart/uart.o" -mcpu=cortex-a9 -mfpu=vfpv3 -mfloat-abi=hard -I../../dual_ov5640_lcd_bsp/ps7_cortexa9_0/include -MMD -MP -MF"src/uart/uart.d" -MT"src/uart/uart.o" -o "src/uart/uart.o" "../src/uart/uart.c"
In file included from ../src/uart/uart.c:1:0:
../src/uart/uart.h:8:15: error: unknown type name 'XUartPs'
 int uart_init(XUartPs* uart_ps);
               ^~~~~~~
../src/uart/uart.h:9:20: error: unknown type name 'XScuGic'
 int uart_intr_init(XScuGic *intc, XUartPs *uart_ps);
                    ^~~~~~~
../src/uart/uart.h:9:35: error: unknown type name 'XUartPs'
 int uart_intr_init(XScuGic *intc, XUartPs *uart_ps);
                                   ^~~~~~~
make: *** [src/uart/subdir.mk:20: src/uart/uart.o] Error 1
12:54:33 **** Auto Build of configuration Debug for project dual_ov5640_lcd ****
make pre-build main-build 
a9-linaro-pre-build-step
' '
'Building file: ../src/uart/uart.c'
'Invoking: ARM v7 gcc compiler'
arm-none-eabi-gcc -Wall -O0 -g3 -c -fmessage-length=0 -MT"src/uart/uart.o" -mcpu=cortex-a9 -mfpu=vfpv3 -mfloat-abi=hard -I../../dual_ov5640_lcd_bsp/ps7_cortexa9_0/include -MMD -MP -MF"src/uart/uart.d" -MT"src/uart/uart.o" -o "src/uart/uart.o" "../src/uart/uart.c"
'Finished building: ../src/uart/uart.c'
' '
'Building target: dual_ov5640_lcd.elf'
'Invoking: ARM v7 gcc linker'
arm-none-eabi-gcc -mcpu=cortex-a9 -mfpu=vfpv3 -mfloat-abi=hard -Wl,-build-id=none -specs=Xilinx.spec -Wl,-T -Wl,../src/lscript.ld -L../../dual_ov5640_lcd_bsp/ps7_cortexa9_0/lib -o "dual_ov5640_lcd.elf"  ./src/vdma_api/vdma_api.o  ./src/uart/uart.o  ./src/ov5640/ov5640_init.o  ./src/osd/osd.o  ./src/emio_sccb_cfg/emio_sccb_cfg.o  ./src/dynclk/dynclk.o  ./src/display_ctrl/display_ctrl.o  ./src/main.o   -Wl,--start-group,-lxil,-lgcc,-lc,--end-group -Wl,--start-group,-lxilffs,-lxil,-lgcc,-lc,--end-group
'Finished building target: dual_ov5640_lcd.elf'
' '
'Invoking: ARM v7 Print Size'
arm-none-eabi-size dual_ov5640_lcd.elf  |tee "dual_ov5640_lcd.elf.size"
   text	   data	    bss	    dec	    hex	filename
 222660	   5416	  32800	 260876	  3fb0c	dual_ov5640_lcd.elf
'Finished building: dual_ov5640_lcd.elf.size'
' '
12:54:35 **** Auto Build of configuration Debug for project dual_ov5640_lcd ****
make pre-build main-build 
a9-linaro-pre-build-step
' '
'Building file: ../src/uart/uart.c'
'Invoking: ARM v7 gcc compiler'
arm-none-eabi-gcc -Wall -O0 -g3 -c -fmessage-length=0 -MT"src/uart/uart.o" -mcpu=cortex-a9 -mfpu=vfpv3 -mfloat-abi=hard -I../../dual_ov5640_lcd_bsp/ps7_cortexa9_0/include -MMD -MP -MF"src/uart/uart.d" -MT"src/uart/uart.o" -o "src/uart/uart.o" "../src/uart/uart.c"
'Finished building: ../src/uart/uart.c'
' '
'Building target: dual_ov5640_lcd.elf'
'Invoking: ARM v7 gcc linker'
arm-none-eabi-gcc -mcpu=cortex-a9 -mfpu=vfpv3 -mfloat-abi=hard -Wl,-build-id=none -specs=Xilinx.spec -Wl,-T -Wl,../src/lscript.ld -L../../dual_ov5640_lcd_bsp/ps7_cortexa9_0/lib -o "dual_ov5640_lcd.elf"  ./src/vdma_api/vdma_api.o  ./src/uart/uart.o  ./src/ov5640/ov5640_init.o  ./src/osd/osd.o  ./src/emio_sccb_cfg/emio_sccb_cfg.o  ./src/dynclk/dynclk.o  ./src/display_ctrl/display_ctrl.o  ./src/main.o   -Wl,--start-group,-lxil,-lgcc,-lc,--end-group -Wl,--start-group,-lxilffs,-lxil,-lgcc,-lc,--end-group
'Finished building target: dual_ov5640_lcd.elf'
' '
'Invoking: ARM v7 Print Size'
arm-none-eabi-size dual_ov5640_lcd.elf  |tee "dual_ov5640_lcd.elf.size"
   text	   data	    bss	    dec	    hex	filename
 222660	   5416	  32800	 260876	  3fb0c	dual_ov5640_lcd.elf
'Finished building: dual_ov5640_lcd.elf.size'
' '
12:56:05 **** Auto Build of configuration Debug for project dual_ov5640_lcd ****
make pre-build main-build 
a9-linaro-pre-build-step
' '
'Building file: ../src/main.c'
'Invoking: ARM v7 gcc compiler'
arm-none-eabi-gcc -Wall -O0 -g3 -c -fmessage-length=0 -MT"src/main.o" -mcpu=cortex-a9 -mfpu=vfpv3 -mfloat-abi=hard -I../../dual_ov5640_lcd_bsp/ps7_cortexa9_0/include -MMD -MP -MF"src/main.d" -MT"src/main.o" -o "src/main.o" "../src/main.c"
In file included from ../src/osd/osd.h:26:0,
                 from ../src/main.c:14:
../../dual_ov5640_lcd_bsp/ps7_cortexa9_0/include/xbasic_types.h:111:2: warning: #warning The xbasics_type.h file is deprecated and users should use xil_types.h and xil_assert. [-Wcpp]
 #warning  The xbasics_type.h file is deprecated and users should use xil_types.h and xil_assert.
  ^~~~~~~
../../dual_ov5640_lcd_bsp/ps7_cortexa9_0/include/xbasic_types.h:112:2: warning: #warning Please refer the Standalone BSP UG647 for further details [-Wcpp]
 #warning  Please refer the Standalone BSP UG647 for further details
  ^~~~~~~
../src/main.c:17:10: fatal error: uart.h: No such file or directory
 #include "uart.h"
          ^~~~~~~~
compilation terminated.
make: *** [src/subdir.mk:23: src/main.o] Error 1
12:56:39 **** Incremental Build of configuration Debug for project dual_ov5640_lcd ****
make pre-build main-build 
a9-linaro-pre-build-step
' '
'Building file: ../src/main.c'
'Invoking: ARM v7 gcc compiler'
arm-none-eabi-gcc -Wall -O0 -g3 -c -fmessage-length=0 -MT"src/main.o" -mcpu=cortex-a9 -mfpu=vfpv3 -mfloat-abi=hard -I../../dual_ov5640_lcd_bsp/ps7_cortexa9_0/include -MMD -MP -MF"src/main.d" -MT"src/main.o" -o "src/main.o" "../src/main.c"
In file included from ../src/osd/osd.h:26:0,
                 from ../src/main.c:14:
../../dual_ov5640_lcd_bsp/ps7_cortexa9_0/include/xbasic_types.h:111:2: warning: #warning The xbasics_type.h file is deprecated and users should use xil_types.h and xil_assert. [-Wcpp]
 #warning  The xbasics_type.h file is deprecated and users should use xil_types.h and xil_assert.
  ^~~~~~~
../../dual_ov5640_lcd_bsp/ps7_cortexa9_0/include/xbasic_types.h:112:2: warning: #warning Please refer the Standalone BSP UG647 for further details [-Wcpp]
 #warning  Please refer the Standalone BSP UG647 for further details
  ^~~~~~~
../src/main.c:17:10: fatal error: uart.h: No such file or directory
 #include "uart.h"
          ^~~~~~~~
compilation terminated.
make: *** [src/subdir.mk:23: src/main.o] Error 1
12:57:05 **** Incremental Build of configuration Debug for project dual_ov5640_lcd ****
make pre-build main-build 
a9-linaro-pre-build-step
' '
'Building file: ../src/main.c'
'Invoking: ARM v7 gcc compiler'
arm-none-eabi-gcc -Wall -O0 -g3 -c -fmessage-length=0 -MT"src/main.o" -mcpu=cortex-a9 -mfpu=vfpv3 -mfloat-abi=hard -I../../dual_ov5640_lcd_bsp/ps7_cortexa9_0/include -MMD -MP -MF"src/main.d" -MT"src/main.o" -o "src/main.o" "../src/main.c"
In file included from ../src/osd/osd.h:26:0,
                 from ../src/main.c:14:
../../dual_ov5640_lcd_bsp/ps7_cortexa9_0/include/xbasic_types.h:111:2: warning: #warning The xbasics_type.h file is deprecated and users should use xil_types.h and xil_assert. [-Wcpp]
 #warning  The xbasics_type.h file is deprecated and users should use xil_types.h and xil_assert.
  ^~~~~~~
../../dual_ov5640_lcd_bsp/ps7_cortexa9_0/include/xbasic_types.h:112:2: warning: #warning Please refer the Standalone BSP UG647 for further details [-Wcpp]
 #warning  Please refer the Standalone BSP UG647 for further details
  ^~~~~~~
../src/main.c:17:10: fatal error: uart.h: No such file or directory
 #include "uart.h"
          ^~~~~~~~
compilation terminated.
make: *** [src/subdir.mk:23: src/main.o] Error 1
12:57:40 **** Incremental Build of configuration Debug for project dual_ov5640_lcd ****
make pre-build main-build 
a9-linaro-pre-build-step
' '
'Building file: ../src/main.c'
'Invoking: ARM v7 gcc compiler'
arm-none-eabi-gcc -Wall -O0 -g3 -c -fmessage-length=0 -MT"src/main.o" -mcpu=cortex-a9 -mfpu=vfpv3 -mfloat-abi=hard -I../../dual_ov5640_lcd_bsp/ps7_cortexa9_0/include -MMD -MP -MF"src/main.d" -MT"src/main.o" -o "src/main.o" "../src/main.c"
In file included from ../src/osd/osd.h:26:0,
                 from ../src/main.c:14:
../../dual_ov5640_lcd_bsp/ps7_cortexa9_0/include/xbasic_types.h:111:2: warning: #warning The xbasics_type.h file is deprecated and users should use xil_types.h and xil_assert. [-Wcpp]
 #warning  The xbasics_type.h file is deprecated and users should use xil_types.h and xil_assert.
  ^~~~~~~
../../dual_ov5640_lcd_bsp/ps7_cortexa9_0/include/xbasic_types.h:112:2: warning: #warning Please refer the Standalone BSP UG647 for further details [-Wcpp]
 #warning  Please refer the Standalone BSP UG647 for further details
  ^~~~~~~
../src/main.c:17:10: fatal error: uart.h: No such file or directory
 #include "uart.h"
          ^~~~~~~~
compilation terminated.
make: *** [src/subdir.mk:23: src/main.o] Error 1
12:58:48 **** Auto Build of configuration Debug for project dual_ov5640_lcd ****
make pre-build main-build 
a9-linaro-pre-build-step
' '
'Building file: ../src/uart/uart.c'
'Invoking: ARM v7 gcc compiler'
arm-none-eabi-gcc -Wall -O0 -g3 -c -fmessage-length=0 -MT"src/uart/uart.o" -mcpu=cortex-a9 -mfpu=vfpv3 -mfloat-abi=hard -I../../dual_ov5640_lcd_bsp/ps7_cortexa9_0/include -MMD -MP -MF"src/uart/uart.d" -MT"src/uart/uart.o" -o "src/uart/uart.o" "../src/uart/uart.c"
'Finished building: ../src/uart/uart.c'
' '
'Building file: ../src/main.c'
'Invoking: ARM v7 gcc compiler'
arm-none-eabi-gcc -Wall -O0 -g3 -c -fmessage-length=0 -MT"src/main.o" -mcpu=cortex-a9 -mfpu=vfpv3 -mfloat-abi=hard -I../../dual_ov5640_lcd_bsp/ps7_cortexa9_0/include -MMD -MP -MF"src/main.d" -MT"src/main.o" -o "src/main.o" "../src/main.c"
In file included from ../src/osd/osd.h:26:0,
                 from ../src/main.c:14:
../../dual_ov5640_lcd_bsp/ps7_cortexa9_0/include/xbasic_types.h:111:2: warning: #warning The xbasics_type.h file is deprecated and users should use xil_types.h and xil_assert. [-Wcpp]
 #warning  The xbasics_type.h file is deprecated and users should use xil_types.h and xil_assert.
  ^~~~~~~
../../dual_ov5640_lcd_bsp/ps7_cortexa9_0/include/xbasic_types.h:112:2: warning: #warning Please refer the Standalone BSP UG647 for further details [-Wcpp]
 #warning  Please refer the Standalone BSP UG647 for further details
  ^~~~~~~
../src/main.c:17:10: fatal error: uart.h: No such file or directory
 #include "uart.h"
          ^~~~~~~~
compilation terminated.
make: *** [src/subdir.mk:23: src/main.o] Error 1
12:58:56 **** Auto Build of configuration Debug for project dual_ov5640_lcd ****
make pre-build main-build 
a9-linaro-pre-build-step
' '
'Building file: ../src/uart/uart.c'
'Invoking: ARM v7 gcc compiler'
arm-none-eabi-gcc -Wall -O0 -g3 -c -fmessage-length=0 -MT"src/uart/uart.o" -mcpu=cortex-a9 -mfpu=vfpv3 -mfloat-abi=hard -I../../dual_ov5640_lcd_bsp/ps7_cortexa9_0/include -MMD -MP -MF"src/uart/uart.d" -MT"src/uart/uart.o" -o "src/uart/uart.o" "../src/uart/uart.c"
'Finished building: ../src/uart/uart.c'
' '
'Building file: ../src/main.c'
'Invoking: ARM v7 gcc compiler'
arm-none-eabi-gcc -Wall -O0 -g3 -c -fmessage-length=0 -MT"src/main.o" -mcpu=cortex-a9 -mfpu=vfpv3 -mfloat-abi=hard -I../../dual_ov5640_lcd_bsp/ps7_cortexa9_0/include -MMD -MP -MF"src/main.d" -MT"src/main.o" -o "src/main.o" "../src/main.c"
In file included from ../src/osd/osd.h:26:0,
                 from ../src/main.c:14:
../../dual_ov5640_lcd_bsp/ps7_cortexa9_0/include/xbasic_types.h:111:2: warning: #warning The xbasics_type.h file is deprecated and users should use xil_types.h and xil_assert. [-Wcpp]
 #warning  The xbasics_type.h file is deprecated and users should use xil_types.h and xil_assert.
  ^~~~~~~
../../dual_ov5640_lcd_bsp/ps7_cortexa9_0/include/xbasic_types.h:112:2: warning: #warning Please refer the Standalone BSP UG647 for further details [-Wcpp]
 #warning  Please refer the Standalone BSP UG647 for further details
  ^~~~~~~
../src/main.c:17:10: fatal error: uart.h: No such file or directory
 #include "uart.h"
          ^~~~~~~~
compilation terminated.
make: *** [src/subdir.mk:23: src/main.o] Error 1
12:59:11 **** Auto Build of configuration Debug for project dual_ov5640_lcd ****
make pre-build main-build 
a9-linaro-pre-build-step
' '
'Building file: ../src/main.c'
'Invoking: ARM v7 gcc compiler'
arm-none-eabi-gcc -Wall -O0 -g3 -c -fmessage-length=0 -MT"src/main.o" -mcpu=cortex-a9 -mfpu=vfpv3 -mfloat-abi=hard -I../../dual_ov5640_lcd_bsp/ps7_cortexa9_0/include -MMD -MP -MF"src/main.d" -MT"src/main.o" -o "src/main.o" "../src/main.c"
In file included from ../src/osd/osd.h:26:0,
                 from ../src/main.c:14:
../../dual_ov5640_lcd_bsp/ps7_cortexa9_0/include/xbasic_types.h:111:2: warning: #warning The xbasics_type.h file is deprecated and users should use xil_types.h and xil_assert. [-Wcpp]
 #warning  The xbasics_type.h file is deprecated and users should use xil_types.h and xil_assert.
  ^~~~~~~
../../dual_ov5640_lcd_bsp/ps7_cortexa9_0/include/xbasic_types.h:112:2: warning: #warning Please refer the Standalone BSP UG647 for further details [-Wcpp]
 #warning  Please refer the Standalone BSP UG647 for further details
  ^~~~~~~
../src/main.c:17:10: fatal error: uart.h: No such file or directory
 #include "uart.h"
          ^~~~~~~~
compilation terminated.
make: *** [src/subdir.mk:23: src/main.o] Error 1
13:01:10 **** Clean-only build of configuration Debug for project dual_ov5640_lcd ****
make clean 
rm -rf  ./src/vdma_api/vdma_api.o  ./src/uart/uart.o  ./src/ov5640/ov5640_init.o  ./src/osd/osd.o  ./src/emio_sccb_cfg/emio_sccb_cfg.o  ./src/dynclk/dynclk.o  ./src/display_ctrl/display_ctrl.o  ./src/main.o  ./src/vdma_api/vdma_api.d  ./src/uart/uart.d  ./src/ov5640/ov5640_init.d  ./src/osd/osd.d  ./src/emio_sccb_cfg/emio_sccb_cfg.d  ./src/dynclk/dynclk.d  ./src/display_ctrl/display_ctrl.d  ./src/main.d  dual_ov5640_lcd.elf.size  dual_ov5640_lcd.elf
' '
13:01:10 **** Auto Build of configuration Debug for project dual_ov5640_lcd ****
make pre-build main-build 
a9-linaro-pre-build-step
' '
'Building file: ../src/vdma_api/vdma_api.c'
'Invoking: ARM v7 gcc compiler'
arm-none-eabi-gcc -Wall -O0 -g3 -c -fmessage-length=0 -MT"src/vdma_api/vdma_api.o" -mcpu=cortex-a9 -mfpu=vfpv3 -mfloat-abi=hard -I../../dual_ov5640_lcd_bsp/ps7_cortexa9_0/include -MMD -MP -MF"src/vdma_api/vdma_api.d" -MT"src/vdma_api/vdma_api.o" -o "src/vdma_api/vdma_api.o" "../src/vdma_api/vdma_api.c"
'Finished building: ../src/vdma_api/vdma_api.c'
' '
'Building file: ../src/uart/uart.c'
'Invoking: ARM v7 gcc compiler'
arm-none-eabi-gcc -Wall -O0 -g3 -c -fmessage-length=0 -MT"src/uart/uart.o" -mcpu=cortex-a9 -mfpu=vfpv3 -mfloat-abi=hard -I../../dual_ov5640_lcd_bsp/ps7_cortexa9_0/include -MMD -MP -MF"src/uart/uart.d" -MT"src/uart/uart.o" -o "src/uart/uart.o" "../src/uart/uart.c"
'Finished building: ../src/uart/uart.c'
' '
'Building file: ../src/ov5640/ov5640_init.c'
'Invoking: ARM v7 gcc compiler'
arm-none-eabi-gcc -Wall -O0 -g3 -c -fmessage-length=0 -MT"src/ov5640/ov5640_init.o" -mcpu=cortex-a9 -mfpu=vfpv3 -mfloat-abi=hard -I../../dual_ov5640_lcd_bsp/ps7_cortexa9_0/include -MMD -MP -MF"src/ov5640/ov5640_init.d" -MT"src/ov5640/ov5640_init.o" -o "src/ov5640/ov5640_init.o" "../src/ov5640/ov5640_init.c"
'Finished building: ../src/ov5640/ov5640_init.c'
' '
'Building file: ../src/osd/osd.c'
'Invoking: ARM v7 gcc compiler'
arm-none-eabi-gcc -Wall -O0 -g3 -c -fmessage-length=0 -MT"src/osd/osd.o" -mcpu=cortex-a9 -mfpu=vfpv3 -mfloat-abi=hard -I../../dual_ov5640_lcd_bsp/ps7_cortexa9_0/include -MMD -MP -MF"src/osd/osd.d" -MT"src/osd/osd.o" -o "src/osd/osd.o" "../src/osd/osd.c"
In file included from ../src/osd/osd.c:2:0:
../../dual_ov5640_lcd_bsp/ps7_cortexa9_0/include/xbasic_types.h:111:2: warning: #warning The xbasics_type.h file is deprecated and users should use xil_types.h and xil_assert. [-Wcpp]
 #warning  The xbasics_type.h file is deprecated and users should use xil_types.h and xil_assert.
  ^~~~~~~
../../dual_ov5640_lcd_bsp/ps7_cortexa9_0/include/xbasic_types.h:112:2: warning: #warning Please refer the Standalone BSP UG647 for further details [-Wcpp]
 #warning  Please refer the Standalone BSP UG647 for further details
  ^~~~~~~
'Finished building: ../src/osd/osd.c'
' '
'Building file: ../src/emio_sccb_cfg/emio_sccb_cfg.c'
'Invoking: ARM v7 gcc compiler'
arm-none-eabi-gcc -Wall -O0 -g3 -c -fmessage-length=0 -MT"src/emio_sccb_cfg/emio_sccb_cfg.o" -mcpu=cortex-a9 -mfpu=vfpv3 -mfloat-abi=hard -I../../dual_ov5640_lcd_bsp/ps7_cortexa9_0/include -MMD -MP -MF"src/emio_sccb_cfg/emio_sccb_cfg.d" -MT"src/emio_sccb_cfg/emio_sccb_cfg.o" -o "src/emio_sccb_cfg/emio_sccb_cfg.o" "../src/emio_sccb_cfg/emio_sccb_cfg.c"
'Finished building: ../src/emio_sccb_cfg/emio_sccb_cfg.c'
' '
'Building file: ../src/dynclk/dynclk.c'
'Invoking: ARM v7 gcc compiler'
arm-none-eabi-gcc -Wall -O0 -g3 -c -fmessage-length=0 -MT"src/dynclk/dynclk.o" -mcpu=cortex-a9 -mfpu=vfpv3 -mfloat-abi=hard -I../../dual_ov5640_lcd_bsp/ps7_cortexa9_0/include -MMD -MP -MF"src/dynclk/dynclk.d" -MT"src/dynclk/dynclk.o" -o "src/dynclk/dynclk.o" "../src/dynclk/dynclk.c"
'Finished building: ../src/dynclk/dynclk.c'
' '
'Building file: ../src/display_ctrl/display_ctrl.c'
'Invoking: ARM v7 gcc compiler'
arm-none-eabi-gcc -Wall -O0 -g3 -c -fmessage-length=0 -MT"src/display_ctrl/display_ctrl.o" -mcpu=cortex-a9 -mfpu=vfpv3 -mfloat-abi=hard -I../../dual_ov5640_lcd_bsp/ps7_cortexa9_0/include -MMD -MP -MF"src/display_ctrl/display_ctrl.d" -MT"src/display_ctrl/display_ctrl.o" -o "src/display_ctrl/display_ctrl.o" "../src/display_ctrl/display_ctrl.c"
'Finished building: ../src/display_ctrl/display_ctrl.c'
' '
'Building file: ../src/main.c'
'Invoking: ARM v7 gcc compiler'
arm-none-eabi-gcc -Wall -O0 -g3 -I../../dual_ov5640_lcd_bsp/ps7_cortexa9_0/include -I"C:\Users\86182\Desktop\dual_ov5640_lcd_gray\dual_ov5640_lcd.sdk\dual_ov5640_lcd\src\uart" -c -fmessage-length=0 -MT"src/main.o" -mcpu=cortex-a9 -mfpu=vfpv3 -mfloat-abi=hard -MMD -MP -MF"src/main.d" -MT"src/main.d" -o "src/main.o" "../src/main.c"
In file included from ../src/osd/osd.h:26:0,
                 from ../src/main.c:14:
../../dual_ov5640_lcd_bsp/ps7_cortexa9_0/include/xbasic_types.h:111:2: warning: #warning The xbasics_type.h file is deprecated and users should use xil_types.h and xil_assert. [-Wcpp]
 #warning  The xbasics_type.h file is deprecated and users should use xil_types.h and xil_assert.
  ^~~~~~~
../../dual_ov5640_lcd_bsp/ps7_cortexa9_0/include/xbasic_types.h:112:2: warning: #warning Please refer the Standalone BSP UG647 for further details [-Wcpp]
 #warning  Please refer the Standalone BSP UG647 for further details
  ^~~~~~~
../src/main.c: In function 'main':
../src/main.c:95:15: warning: unused variable 'rd_fram_addr' [-Wunused-variable]
  unsigned int rd_fram_addr; //VDMA 读通道操作的帧缓存地址
               ^~~~~~~~~~~~
../src/main.c:94:6: warning: unused variable 'rd_index' [-Wunused-variable]
  int rd_index; //VDMA 读通道操作的帧缓存编号
      ^~~~~~~~
'Finished building: ../src/main.c'
' '
'Building target: dual_ov5640_lcd.elf'
'Invoking: ARM v7 gcc linker'
arm-none-eabi-gcc -mcpu=cortex-a9 -mfpu=vfpv3 -mfloat-abi=hard -Wl,-build-id=none -specs=Xilinx.spec -Wl,-T -Wl,../src/lscript.ld -L../../dual_ov5640_lcd_bsp/ps7_cortexa9_0/lib -o "dual_ov5640_lcd.elf"  ./src/vdma_api/vdma_api.o  ./src/uart/uart.o  ./src/ov5640/ov5640_init.o  ./src/osd/osd.o  ./src/emio_sccb_cfg/emio_sccb_cfg.o  ./src/dynclk/dynclk.o  ./src/display_ctrl/display_ctrl.o  ./src/main.o   -Wl,--start-group,-lxil,-lgcc,-lc,--end-group -Wl,--start-group,-lxilffs,-lxil,-lgcc,-lc,--end-group
'Finished building target: dual_ov5640_lcd.elf'
' '
'Invoking: ARM v7 Print Size'
arm-none-eabi-size dual_ov5640_lcd.elf  |tee "dual_ov5640_lcd.elf.size"
   text	   data	    bss	    dec	    hex	filename
 222316	   5416	  32800	 260532	  3f9b4	dual_ov5640_lcd.elf
'Finished building: dual_ov5640_lcd.elf.size'
' '
13:01:26 **** Clean-only build of configuration Debug for project dual_ov5640_lcd ****
make clean 
rm -rf  ./src/vdma_api/vdma_api.o  ./src/uart/uart.o  ./src/ov5640/ov5640_init.o  ./src/osd/osd.o  ./src/emio_sccb_cfg/emio_sccb_cfg.o  ./src/dynclk/dynclk.o  ./src/display_ctrl/display_ctrl.o  ./src/main.o  ./src/vdma_api/vdma_api.d  ./src/uart/uart.d  ./src/ov5640/ov5640_init.d  ./src/osd/osd.d  ./src/emio_sccb_cfg/emio_sccb_cfg.d  ./src/dynclk/dynclk.d  ./src/display_ctrl/display_ctrl.d  ./src/main.d  dual_ov5640_lcd.elf.size  dual_ov5640_lcd.elf
' '
13:01:26 **** Auto Build of configuration Debug for project dual_ov5640_lcd ****
make pre-build main-build 
a9-linaro-pre-build-step
' '
'Building file: ../src/vdma_api/vdma_api.c'
'Invoking: ARM v7 gcc compiler'
arm-none-eabi-gcc -Wall -O0 -g3 -c -fmessage-length=0 -MT"src/vdma_api/vdma_api.o" -mcpu=cortex-a9 -mfpu=vfpv3 -mfloat-abi=hard -I../../dual_ov5640_lcd_bsp/ps7_cortexa9_0/include -MMD -MP -MF"src/vdma_api/vdma_api.d" -MT"src/vdma_api/vdma_api.o" -o "src/vdma_api/vdma_api.o" "../src/vdma_api/vdma_api.c"
'Finished building: ../src/vdma_api/vdma_api.c'
' '
'Building file: ../src/uart/uart.c'
'Invoking: ARM v7 gcc compiler'
arm-none-eabi-gcc -Wall -O0 -g3 -c -fmessage-length=0 -MT"src/uart/uart.o" -mcpu=cortex-a9 -mfpu=vfpv3 -mfloat-abi=hard -I../../dual_ov5640_lcd_bsp/ps7_cortexa9_0/include -MMD -MP -MF"src/uart/uart.d" -MT"src/uart/uart.o" -o "src/uart/uart.o" "../src/uart/uart.c"
'Finished building: ../src/uart/uart.c'
' '
'Building file: ../src/ov5640/ov5640_init.c'
'Invoking: ARM v7 gcc compiler'
arm-none-eabi-gcc -Wall -O0 -g3 -c -fmessage-length=0 -MT"src/ov5640/ov5640_init.o" -mcpu=cortex-a9 -mfpu=vfpv3 -mfloat-abi=hard -I../../dual_ov5640_lcd_bsp/ps7_cortexa9_0/include -MMD -MP -MF"src/ov5640/ov5640_init.d" -MT"src/ov5640/ov5640_init.o" -o "src/ov5640/ov5640_init.o" "../src/ov5640/ov5640_init.c"
'Finished building: ../src/ov5640/ov5640_init.c'
' '
'Building file: ../src/osd/osd.c'
'Invoking: ARM v7 gcc compiler'
arm-none-eabi-gcc -Wall -O0 -g3 -c -fmessage-length=0 -MT"src/osd/osd.o" -mcpu=cortex-a9 -mfpu=vfpv3 -mfloat-abi=hard -I../../dual_ov5640_lcd_bsp/ps7_cortexa9_0/include -MMD -MP -MF"src/osd/osd.d" -MT"src/osd/osd.o" -o "src/osd/osd.o" "../src/osd/osd.c"
In file included from ../src/osd/osd.c:2:0:
../../dual_ov5640_lcd_bsp/ps7_cortexa9_0/include/xbasic_types.h:111:2: warning: #warning The xbasics_type.h file is deprecated and users should use xil_types.h and xil_assert. [-Wcpp]
 #warning  The xbasics_type.h file is deprecated and users should use xil_types.h and xil_assert.
  ^~~~~~~
../../dual_ov5640_lcd_bsp/ps7_cortexa9_0/include/xbasic_types.h:112:2: warning: #warning Please refer the Standalone BSP UG647 for further details [-Wcpp]
 #warning  Please refer the Standalone BSP UG647 for further details
  ^~~~~~~
'Finished building: ../src/osd/osd.c'
' '
'Building file: ../src/emio_sccb_cfg/emio_sccb_cfg.c'
'Invoking: ARM v7 gcc compiler'
arm-none-eabi-gcc -Wall -O0 -g3 -c -fmessage-length=0 -MT"src/emio_sccb_cfg/emio_sccb_cfg.o" -mcpu=cortex-a9 -mfpu=vfpv3 -mfloat-abi=hard -I../../dual_ov5640_lcd_bsp/ps7_cortexa9_0/include -MMD -MP -MF"src/emio_sccb_cfg/emio_sccb_cfg.d" -MT"src/emio_sccb_cfg/emio_sccb_cfg.o" -o "src/emio_sccb_cfg/emio_sccb_cfg.o" "../src/emio_sccb_cfg/emio_sccb_cfg.c"
'Finished building: ../src/emio_sccb_cfg/emio_sccb_cfg.c'
' '
'Building file: ../src/dynclk/dynclk.c'
'Invoking: ARM v7 gcc compiler'
arm-none-eabi-gcc -Wall -O0 -g3 -c -fmessage-length=0 -MT"src/dynclk/dynclk.o" -mcpu=cortex-a9 -mfpu=vfpv3 -mfloat-abi=hard -I../../dual_ov5640_lcd_bsp/ps7_cortexa9_0/include -MMD -MP -MF"src/dynclk/dynclk.d" -MT"src/dynclk/dynclk.o" -o "src/dynclk/dynclk.o" "../src/dynclk/dynclk.c"
'Finished building: ../src/dynclk/dynclk.c'
' '
'Building file: ../src/display_ctrl/display_ctrl.c'
'Invoking: ARM v7 gcc compiler'
arm-none-eabi-gcc -Wall -O0 -g3 -c -fmessage-length=0 -MT"src/display_ctrl/display_ctrl.o" -mcpu=cortex-a9 -mfpu=vfpv3 -mfloat-abi=hard -I../../dual_ov5640_lcd_bsp/ps7_cortexa9_0/include -MMD -MP -MF"src/display_ctrl/display_ctrl.d" -MT"src/display_ctrl/display_ctrl.o" -o "src/display_ctrl/display_ctrl.o" "../src/display_ctrl/display_ctrl.c"
'Finished building: ../src/display_ctrl/display_ctrl.c'
' '
'Building file: ../src/main.c'
'Invoking: ARM v7 gcc compiler'
arm-none-eabi-gcc -Wall -O0 -g3 -I../../dual_ov5640_lcd_bsp/ps7_cortexa9_0/include -I"C:\Users\86182\Desktop\dual_ov5640_lcd_gray\dual_ov5640_lcd.sdk\dual_ov5640_lcd\src\uart" -c -fmessage-length=0 -MT"src/main.o" -mcpu=cortex-a9 -mfpu=vfpv3 -mfloat-abi=hard -MMD -MP -MF"src/main.d" -MT"src/main.d" -o "src/main.o" "../src/main.c"
In file included from ../src/osd/osd.h:26:0,
                 from ../src/main.c:14:
../../dual_ov5640_lcd_bsp/ps7_cortexa9_0/include/xbasic_types.h:111:2: warning: #warning The xbasics_type.h file is deprecated and users should use xil_types.h and xil_assert. [-Wcpp]
 #warning  The xbasics_type.h file is deprecated and users should use xil_types.h and xil_assert.
  ^~~~~~~
../../dual_ov5640_lcd_bsp/ps7_cortexa9_0/include/xbasic_types.h:112:2: warning: #warning Please refer the Standalone BSP UG647 for further details [-Wcpp]
 #warning  Please refer the Standalone BSP UG647 for further details
  ^~~~~~~
../src/main.c: In function 'main':
../src/main.c:95:15: warning: unused variable 'rd_fram_addr' [-Wunused-variable]
  unsigned int rd_fram_addr; //VDMA 读通道操作的帧缓存地址
               ^~~~~~~~~~~~
../src/main.c:94:6: warning: unused variable 'rd_index' [-Wunused-variable]
  int rd_index; //VDMA 读通道操作的帧缓存编号
      ^~~~~~~~
'Finished building: ../src/main.c'
' '
'Building target: dual_ov5640_lcd.elf'
'Invoking: ARM v7 gcc linker'
arm-none-eabi-gcc -mcpu=cortex-a9 -mfpu=vfpv3 -mfloat-abi=hard -Wl,-build-id=none -specs=Xilinx.spec -Wl,-T -Wl,../src/lscript.ld -L../../dual_ov5640_lcd_bsp/ps7_cortexa9_0/lib -o "dual_ov5640_lcd.elf"  ./src/vdma_api/vdma_api.o  ./src/uart/uart.o  ./src/ov5640/ov5640_init.o  ./src/osd/osd.o  ./src/emio_sccb_cfg/emio_sccb_cfg.o  ./src/dynclk/dynclk.o  ./src/display_ctrl/display_ctrl.o  ./src/main.o   -Wl,--start-group,-lxil,-lgcc,-lc,--end-group -Wl,--start-group,-lxilffs,-lxil,-lgcc,-lc,--end-group
'Finished building target: dual_ov5640_lcd.elf'
' '
'Invoking: ARM v7 Print Size'
arm-none-eabi-size dual_ov5640_lcd.elf  |tee "dual_ov5640_lcd.elf.size"
   text	   data	    bss	    dec	    hex	filename
 222316	   5416	  32800	 260532	  3f9b4	dual_ov5640_lcd.elf
'Finished building: dual_ov5640_lcd.elf.size'
' '
13:01:30 **** Clean-only build of configuration Debug for project dual_ov5640_lcd ****
make clean 
rm -rf  ./src/vdma_api/vdma_api.o  ./src/uart/uart.o  ./src/ov5640/ov5640_init.o  ./src/osd/osd.o  ./src/emio_sccb_cfg/emio_sccb_cfg.o  ./src/dynclk/dynclk.o  ./src/display_ctrl/display_ctrl.o  ./src/main.o  ./src/vdma_api/vdma_api.d  ./src/uart/uart.d  ./src/ov5640/ov5640_init.d  ./src/osd/osd.d  ./src/emio_sccb_cfg/emio_sccb_cfg.d  ./src/dynclk/dynclk.d  ./src/display_ctrl/display_ctrl.d  ./src/main.d  dual_ov5640_lcd.elf.size  dual_ov5640_lcd.elf
' '
13:01:31 **** Auto Build of configuration Debug for project dual_ov5640_lcd ****
make pre-build main-build 
a9-linaro-pre-build-step
' '
'Building file: ../src/vdma_api/vdma_api.c'
'Invoking: ARM v7 gcc compiler'
arm-none-eabi-gcc -Wall -O0 -g3 -c -fmessage-length=0 -MT"src/vdma_api/vdma_api.o" -mcpu=cortex-a9 -mfpu=vfpv3 -mfloat-abi=hard -I../../dual_ov5640_lcd_bsp/ps7_cortexa9_0/include -MMD -MP -MF"src/vdma_api/vdma_api.d" -MT"src/vdma_api/vdma_api.o" -o "src/vdma_api/vdma_api.o" "../src/vdma_api/vdma_api.c"
'Finished building: ../src/vdma_api/vdma_api.c'
' '
'Building file: ../src/uart/uart.c'
'Invoking: ARM v7 gcc compiler'
arm-none-eabi-gcc -Wall -O0 -g3 -c -fmessage-length=0 -MT"src/uart/uart.o" -mcpu=cortex-a9 -mfpu=vfpv3 -mfloat-abi=hard -I../../dual_ov5640_lcd_bsp/ps7_cortexa9_0/include -MMD -MP -MF"src/uart/uart.d" -MT"src/uart/uart.o" -o "src/uart/uart.o" "../src/uart/uart.c"
'Finished building: ../src/uart/uart.c'
' '
'Building file: ../src/ov5640/ov5640_init.c'
'Invoking: ARM v7 gcc compiler'
[...]
'Finished building: ../src/display_ctrl/display_ctrl.c'
' '
'Building file: ../src/main.c'
'Invoking: ARM v7 gcc compiler'
arm-none-eabi-gcc -Wall -O0 -g3 -I../../dual_ov5640_lcd_bsp/ps7_cortexa9_0/include -I"C:\Users\86182\Desktop\dual_ov5640_lcd_gray\dual_ov5640_lcd.sdk\dual_ov5640_lcd\src\uart" -c -fmessage-length=0 -MT"src/main.o" -mcpu=cortex-a9 -mfpu=vfpv3 -mfloat-abi=hard -MMD -MP -MF"src/main.d" -MT"src/main.d" -o "src/main.o" "../src/main.c"
In file included from ../src/osd/osd.h:26:0,
                 from ../src/main.c:14:
../../dual_ov5640_lcd_bsp/ps7_cortexa9_0/include/xbasic_types.h:111:2: warning: #warning The xbasics_type.h file is deprecated and users should use xil_types.h and xil_assert. [-Wcpp]
 #warning  The xbasics_type.h file is deprecated and users should use xil_types.h and xil_assert.
  ^~~~~~~
../../dual_ov5640_lcd_bsp/ps7_cortexa9_0/include/xbasic_types.h:112:2: warning: #warning Please refer the Standalone BSP UG647 for further details [-Wcpp]
 #warning  Please refer the Standalone BSP UG647 for further details
  ^~~~~~~
../src/main.c: In function 'main':
../src/main.c:95:15: warning: unused variable 'rd_fram_addr' [-Wunused-variable]
  unsigned int rd_fram_addr; //VDMA 读通道操作的帧缓存地址
               ^~~~~~~~~~~~
../src/main.c:94:6: warning: unused variable 'rd_index' [-Wunused-variable]
  int rd_index; //VDMA 读通道操作的帧缓存编号
      ^~~~~~~~
'Finished building: ../src/main.c'
' '
'Building target: dual_ov5640_lcd.elf'
'Invoking: ARM v7 gcc linker'
arm-none-eabi-gcc -mcpu=cortex-a9 -mfpu=vfpv3 -mfloat-abi=hard -Wl,-build-id=none -specs=Xilinx.spec -Wl,-T -Wl,../src/lscript.ld -L../../dual_ov5640_lcd_bsp/ps7_cortexa9_0/lib -o "dual_ov5640_lcd.elf"  ./src/vdma_api/vdma_api.o  ./src/uart/uart.o  ./src/ov5640/ov5640_init.o  ./src/osd/osd.o  ./src/emio_sccb_cfg/emio_sccb_cfg.o  ./src/dynclk/dynclk.o  ./src/display_ctrl/display_ctrl.o  ./src/main.o   -Wl,--start-group,-lxil,-lgcc,-lc,--end-group -Wl,--start-group,-lxilffs,-lxil,-lgcc,-lc,--end-group
'Finished building target: dual_ov5640_lcd.elf'
' '
'Invoking: ARM v7 Print Size'
arm-none-eabi-size dual_ov5640_lcd.elf  |tee "dual_ov5640_lcd.elf.size"
   text	   data	    bss	    dec	    hex	filename
 222996	   5416	  32800	 261212	  3fc5c	dual_ov5640_lcd.elf
'Finished building: dual_ov5640_lcd.elf.size'
' '
13:18:36 **** Incremental Build of configuration Debug for project dual_ov5640_lcd ****
make pre-build main-build 
a9-linaro-pre-build-step
' '
make: Nothing to be done for 'main-build'.
14:25:42 **** Incremental Build of configuration Debug for project dual_ov5640_lcd ****
make pre-build main-build 
a9-linaro-pre-build-step
' '
make: Nothing to be done for 'main-build'.
14:29:04 **** Incremental Build of configuration Debug for project dual_ov5640_lcd ****
make pre-build main-build 
a9-linaro-pre-build-step
' '
make: Nothing to be done for 'main-build'.
16:08:54 **** Incremental Build of configuration Debug for project dual_ov5640_lcd ****
make pre-build main-build 
a9-linaro-pre-build-step
' '
make: Nothing to be done for 'main-build'.
16:09:39 **** Incremental Build of configuration Debug for project dual_ov5640_lcd ****
make pre-build main-build 
a9-linaro-pre-build-step
' '
make: Nothing to be done for 'main-build'.
16:29:58 **** Incremental Build of configuration Debug for project dual_ov5640_lcd ****
make pre-build main-build 
a9-linaro-pre-build-step
' '
make: Nothing to be done for 'main-build'.
15:19:56 **** Clean-only build of configuration Debug for project dual_ov5640_lcd ****
make clean 
rm -rf  ./src/vdma_api/vdma_api.o  ./src/uart/uart.o  ./src/ov5640/ov5640_init.o  ./src/osd/osd.o  ./src/emio_sccb_cfg/emio_sccb_cfg.o  ./src/dynclk/dynclk.o  ./src/display_ctrl/display_ctrl.o  ./src/main.o  ./src/vdma_api/vdma_api.d  ./src/uart/uart.d  ./src/ov5640/ov5640_init.d  ./src/osd/osd.d  ./src/emio_sccb_cfg/emio_sccb_cfg.d  ./src/dynclk/dynclk.d  ./src/display_ctrl/display_ctrl.d  ./src/main.d  dual_ov5640_lcd.elf.size  dual_ov5640_lcd.elf
' '
15:19:58 **** Incremental Build of configuration Debug for project dual_ov5640_lcd ****
make pre-build main-build 
a9-linaro-pre-build-step
' '
'Building file: ../src/vdma_api/vdma_api.c'
'Invoking: ARM v7 gcc compiler'
arm-none-eabi-gcc -Wall -O0 -g3 -c -fmessage-length=0 -MT"src/vdma_api/vdma_api.o" -mcpu=cortex-a9 -mfpu=vfpv3 -mfloat-abi=hard -I../../dual_ov5640_lcd_bsp/ps7_cortexa9_0/include -MMD -MP -MF"src/vdma_api/vdma_api.d" -MT"src/vdma_api/vdma_api.o" -o "src/vdma_api/vdma_api.o" "../src/vdma_api/vdma_api.c"
'Finished building: ../src/vdma_api/vdma_api.c'
' '
'Building file: ../src/uart/uart.c'
'Invoking: ARM v7 gcc compiler'
arm-none-eabi-gcc -Wall -O0 -g3 -c -fmessage-length=0 -MT"src/uart/uart.o" -mcpu=cortex-a9 -mfpu=vfpv3 -mfloat-abi=hard -I../../dual_ov5640_lcd_bsp/ps7_cortexa9_0/include -MMD -MP -MF"src/uart/uart.d" -MT"src/uart/uart.o" -o "src/uart/uart.o" "../src/uart/uart.c"
../src/uart/uart.c: In function 'testUart':
../src/uart/uart.c:130:23: warning: pointer targets in passing argument 2 of 'Uart_Send' differ in signedness [-Wpointer-sign]
   Uart_Send(&Uart_Ps, "ATD15337142686;\r\n", 17);
                       ^~~~~~~~~~~~~~~~~~~~~
../src/uart/uart.c:93:5: note: expected 'u8 * {aka unsigned char *}' but argument is of type 'char *'
 int Uart_Send(XUartPs* Uart_Ps, u8 *sendbuf, int length) {
     ^~~~~~~~~
../src/uart/uart.c:133:44: warning: passing argument 2 of 'Uart_Recv' makes pointer from integer without a cast [-Wint-conversion]
  while(count==0){count=Uart_Recv(&Uart_Ps, *message, 17);}
                                            ^
../src/uart/uart.c:107:5: note: expected 'u8 * {aka unsigned char *}' but argument is of type 'u8 {aka unsigned char}'
 u32 Uart_Recv(XUartPs* Uart_Ps, u8 *recvbuf, u32 length){
     ^~~~~~~~~
../src/uart/uart.c:133:44: warning: 'message' may be used uninitialized in this function [-Wmaybe-uninitialized]
  while(count==0){count=Uart_Recv(&Uart_Ps, *message, 17);}
                                            ^~~~~~~~
'Finished building: ../src/uart/uart.c'
' '
'Building file: ../src/ov5640/ov5640_init.c'
'Invoking: ARM v7 gcc compiler'
arm-none-eabi-gcc -Wall -O0 -g3 -c -fmessage-length=0 -MT"src/ov5640/ov5640_init.o" -mcpu=cortex-a9 -mfpu=vfpv3 -mfloat-abi=hard -I../../dual_ov5640_lcd_bsp/ps7_cortexa9_0/include -MMD -MP -MF"src/ov5640/ov5640_init.d" -MT"src/ov5640/ov5640_init.o" -o "src/ov5640/ov5640_init.o" "../src/ov5640/ov5640_init.c"
'Finished building: ../src/ov5640/ov5640_init.c'
' '
'Building file: ../src/osd/osd.c'
'Invoking: ARM v7 gcc compiler'
arm-none-eabi-gcc -Wall -O0 -g3 -c -fmessage-length=0 -MT"src/osd/osd.o" -mcpu=cortex-a9 -mfpu=vfpv3 -mfloat-abi=hard -I../../dual_ov5640_lcd_bsp/ps7_cortexa9_0/include -MMD -MP -MF"src/osd/osd.d" -MT"src/osd/osd.o" -o "src/osd/osd.o" "../src/osd/osd.c"
In file included from ../src/osd/osd.c:2:0:
../../dual_ov5640_lcd_bsp/ps7_cortexa9_0/include/xbasic_types.h:111:2: warning: #warning The xbasics_type.h file is deprecated and users should use xil_types.h and xil_assert. [-Wcpp]
 #warning  The xbasics_type.h file is deprecated and users should use xil_types.h and xil_assert.
  ^~~~~~~
../../dual_ov5640_lcd_bsp/ps7_cortexa9_0/include/xbasic_types.h:112:2: warning: #warning Please refer the Standalone BSP UG647 for further details [-Wcpp]
 #warning  Please refer the Standalone BSP UG647 for further details
  ^~~~~~~
'Finished building: ../src/osd/osd.c'
' '
'Building file: ../src/emio_sccb_cfg/emio_sccb_cfg.c'
'Invoking: ARM v7 gcc compiler'
arm-none-eabi-gcc -Wall -O0 -g3 -c -fmessage-length=0 -MT"src/emio_sccb_cfg/emio_sccb_cfg.o" -mcpu=cortex-a9 -mfpu=vfpv3 -mfloat-abi=hard -I../../dual_ov5640_lcd_bsp/ps7_cortexa9_0/include -MMD -MP -MF"src/emio_sccb_cfg/emio_sccb_cfg.d" -MT"src/emio_sccb_cfg/emio_sccb_cfg.o" -o "src/emio_sccb_cfg/emio_sccb_cfg.o" "../src/emio_sccb_cfg/emio_sccb_cfg.c"
'Finished building: ../src/emio_sccb_cfg/emio_sccb_cfg.c'
' '
'Building file: ../src/dynclk/dynclk.c'
'Invoking: ARM v7 gcc compiler'
arm-none-eabi-gcc -Wall -O0 -g3 -c -fmessage-length=0 -MT"src/dynclk/dynclk.o" -mcpu=cortex-a9 -mfpu=vfpv3 -mfloat-abi=hard -I../../dual_ov5640_lcd_bsp/ps7_cortexa9_0/include -MMD -MP -MF"src/dynclk/dynclk.d" -MT"src/dynclk/dynclk.o" -o "src/dynclk/dynclk.o" "../src/dynclk/dynclk.c"
'Finished building: ../src/dynclk/dynclk.c'
' '
'Building file: ../src/display_ctrl/display_ctrl.c'
'Invoking: ARM v7 gcc compiler'
arm-none-eabi-gcc -Wall -O0 -g3 -c -fmessage-length=0 -MT"src/display_ctrl/display_ctrl.o" -mcpu=cortex-a9 -mfpu=vfpv3 -mfloat-abi=hard -I../../dual_ov5640_lcd_bsp/ps7_cortexa9_0/include -MMD -MP -MF"src/display_ctrl/display_ctrl.d" -MT"src/display_ctrl/display_ctrl.o" -o "src/display_ctrl/display_ctrl.o" "../src/display_ctrl/display_ctrl.c"
'Finished building: ../src/display_ctrl/display_ctrl.c'
' '
'Building file: ../src/main.c'
'Invoking: ARM v7 gcc compiler'
arm-none-eabi-gcc -Wall -O0 -g3 -I../../dual_ov5640_lcd_bsp/ps7_cortexa9_0/include -I"C:\Users\86182\Desktop\dual_ov5640_lcd_gray\dual_ov5640_lcd.sdk\dual_ov5640_lcd\src\uart" -c -fmessage-length=0 -MT"src/main.o" -mcpu=cortex-a9 -mfpu=vfpv3 -mfloat-abi=hard -MMD -MP -MF"src/main.d" -MT"src/main.d" -o "src/main.o" "../src/main.c"
In file included from ../src/osd/osd.h:26:0,
                 from ../src/main.c:14:
../../dual_ov5640_lcd_bsp/ps7_cortexa9_0/include/xbasic_types.h:111:2: warning: #warning The xbasics_type.h file is deprecated and users should use xil_types.h and xil_assert. [-Wcpp]
 #warning  The xbasics_type.h file is deprecated and users should use xil_types.h and xil_assert.
  ^~~~~~~
../../dual_ov5640_lcd_bsp/ps7_cortexa9_0/include/xbasic_types.h:112:2: warning: #warning Please refer the Standalone BSP UG647 for further details [-Wcpp]
 #warning  Please refer the Standalone BSP UG647 for further details
  ^~~~~~~
../src/main.c: In function 'main':
../src/main.c:95:15: warning: unused variable 'rd_fram_addr' [-Wunused-variable]
  unsigned int rd_fram_addr; //VDMA 读通道操作的帧缓存地址
               ^~~~~~~~~~~~
../src/main.c:94:6: warning: unused variable 'rd_index' [-Wunused-variable]
  int rd_index; //VDMA 读通道操作的帧缓存编号
      ^~~~~~~~
'Finished building: ../src/main.c'
' '
'Building target: dual_ov5640_lcd.elf'
'Invoking: ARM v7 gcc linker'
arm-none-eabi-gcc -mcpu=cortex-a9 -mfpu=vfpv3 -mfloat-abi=hard -Wl,-build-id=none -specs=Xilinx.spec -Wl,-T -Wl,../src/lscript.ld -L../../dual_ov5640_lcd_bsp/ps7_cortexa9_0/lib -o "dual_ov5640_lcd.elf"  ./src/vdma_api/vdma_api.o  ./src/uart/uart.o  ./src/ov5640/ov5640_init.o  ./src/osd/osd.o  ./src/emio_sccb_cfg/emio_sccb_cfg.o  ./src/dynclk/dynclk.o  ./src/display_ctrl/display_ctrl.o  ./src/main.o   -Wl,--start-group,-lxil,-lgcc,-lc,--end-group -Wl,--start-group,-lxilffs,-lxil,-lgcc,-lc,--end-group
'Finished building target: dual_ov5640_lcd.elf'
' '
'Invoking: ARM v7 Print Size'
arm-none-eabi-size dual_ov5640_lcd.elf  |tee "dual_ov5640_lcd.elf.size"
   text	   data	    bss	    dec	    hex	filename
 222996	   5416	  32800	 261212	  3fc5c	dual_ov5640_lcd.elf
'Finished building: dual_ov5640_lcd.elf.size'
' '
15:20:15 **** Incremental Build of configuration Debug for project dual_ov5640_lcd ****
make pre-build main-build 
a9-linaro-pre-build-step
' '
make: Nothing to be done for 'main-build'.
15:21:19 **** Incremental Build of configuration Debug for project dual_ov5640_lcd ****
make pre-build main-build 
a9-linaro-pre-build-step
' '
make: Nothing to be done for 'main-build'.
16:24:32 **** Clean-only build of configuration Debug for project dual_ov5640_lcd ****
make clean 
rm -rf  ./src/vdma_api/vdma_api.o  ./src/uart/uart.o  ./src/ov5640/ov5640_init.o  ./src/osd/osd.o  ./src/emio_sccb_cfg/emio_sccb_cfg.o  ./src/dynclk/dynclk.o  ./src/display_ctrl/display_ctrl.o  ./src/main.o  ./src/vdma_api/vdma_api.d  ./src/uart/uart.d  ./src/ov5640/ov5640_init.d  ./src/osd/osd.d  ./src/emio_sccb_cfg/emio_sccb_cfg.d  ./src/dynclk/dynclk.d  ./src/display_ctrl/display_ctrl.d  ./src/main.d  dual_ov5640_lcd.elf.size  dual_ov5640_lcd.elf
' '
16:24:33 **** Incremental Build of configuration Debug for project dual_ov5640_lcd ****
make pre-build main-build 
a9-linaro-pre-build-step
' '
'Building file: ../src/vdma_api/vdma_api.c'
'Invoking: ARM v7 gcc compiler'
arm-none-eabi-gcc -Wall -O0 -g3 -c -fmessage-length=0 -MT"src/vdma_api/vdma_api.o" -mcpu=cortex-a9 -mfpu=vfpv3 -mfloat-abi=hard -I../../dual_ov5640_lcd_bsp/ps7_cortexa9_0/include -MMD -MP -MF"src/vdma_api/vdma_api.d" -MT"src/vdma_api/vdma_api.o" -o "src/vdma_api/vdma_api.o" "../src/vdma_api/vdma_api.c"
'Finished building: ../src/vdma_api/vdma_api.c'
' '
'Building file: ../src/uart/uart.c'
'Invoking: ARM v7 gcc compiler'
arm-none-eabi-gcc -Wall -O0 -g3 -c -fmessage-length=0 -MT"src/uart/uart.o" -mcpu=cortex-a9 -mfpu=vfpv3 -mfloat-abi=hard -I../../dual_ov5640_lcd_bsp/ps7_cortexa9_0/include -MMD -MP -MF"src/uart/uart.d" -MT"src/uart/uart.o" -o "src/uart/uart.o" "../src/uart/uart.c"
../src/uart/uart.c: In function 'testUart':
../src/uart/uart.c:130:23: warning: pointer targets in passing argument 2 of 'Uart_Send' differ in signedness [-Wpointer-sign]
   Uart_Send(&Uart_Ps, "ATD15337142686;\r\n", 17);
                       ^~~~~~~~~~~~~~~~~~~~~
../src/uart/uart.c:93:5: note: expected 'u8 * {aka unsigned char *}' but argument is of type 'char *'
 int Uart_Send(XUartPs* Uart_Ps, u8 *sendbuf, int length) {
     ^~~~~~~~~
../src/uart/uart.c:133:44: warning: passing argument 2 of 'Uart_Recv' makes pointer from integer without a cast [-Wint-conversion]
  while(count==0){count=Uart_Recv(&Uart_Ps, *message, 17);}
                                            ^
../src/uart/uart.c:107:5: note: expected 'u8 * {aka unsigned char *}' but argument is of type 'u8 {aka unsigned char}'
 u32 Uart_Recv(XUartPs* Uart_Ps, u8 *recvbuf, u32 length){
     ^~~~~~~~~
../src/uart/uart.c:133:44: warning: 'message' may be used uninitialized in this function [-Wmaybe-uninitialized]
  while(count==0){count=Uart_Recv(&Uart_Ps, *message, 17);}
                                            ^~~~~~~~
'Finished building: ../src/uart/uart.c'
' '
'Building file: ../src/ov5640/ov5640_init.c'
'Invoking: ARM v7 gcc compiler'
arm-none-eabi-gcc -Wall -O0 -g3 -c -fmessage-length=0 -MT"src/ov5640/ov5640_init.o" -mcpu=cortex-a9 -mfpu=vfpv3 -mfloat-abi=hard -I../../dual_ov5640_lcd_bsp/ps7_cortexa9_0/include -MMD -MP -MF"src/ov5640/ov5640_init.d" -MT"src/ov5640/ov5640_init.o" -o "src/ov5640/ov5640_init.o" "../src/ov5640/ov5640_init.c"
'Finished building: ../src/ov5640/ov5640_init.c'
' '
'Building file: ../src/osd/osd.c'
'Invoking: ARM v7 gcc compiler'
arm-none-eabi-gcc -Wall -O0 -g3 -c -fmessage-length=0 -MT"src/osd/osd.o" -mcpu=cortex-a9 -mfpu=vfpv3 -mfloat-abi=hard -I../../dual_ov5640_lcd_bsp/ps7_cortexa9_0/include -MMD -MP -MF"src/osd/osd.d" -MT"src/osd/osd.o" -o "src/osd/osd.o" "../src/osd/osd.c"
In file included from ../src/osd/osd.c:2:0:
../../dual_ov5640_lcd_bsp/ps7_cortexa9_0/include/xbasic_types.h:111:2: warning: #warning The xbasics_type.h file is deprecated and users should use xil_types.h and xil_assert. [-Wcpp]
 #warning  The xbasics_type.h file is deprecated and users should use xil_types.h and xil_assert.
  ^~~~~~~
../../dual_ov5640_lcd_bsp/ps7_cortexa9_0/include/xbasic_types.h:112:2: warning: #warning Please refer the Standalone BSP UG647 for further details [-Wcpp]
 #warning  Please refer the Standalone BSP UG647 for further details
  ^~~~~~~
'Finished building: ../src/osd/osd.c'
' '
'Building file: ../src/emio_sccb_cfg/emio_sccb_cfg.c'
'Invoking: ARM v7 gcc compiler'
arm-none-eabi-gcc -Wall -O0 -g3 -c -fmessage-length=0 -MT"src/emio_sccb_cfg/emio_sccb_cfg.o" -mcpu=cortex-a9 -mfpu=vfpv3 -mfloat-abi=hard -I../../dual_ov5640_lcd_bsp/ps7_cortexa9_0/include -MMD -MP -MF"src/emio_sccb_cfg/emio_sccb_cfg.d" -MT"src/emio_sccb_cfg/emio_sccb_cfg.o" -o "src/emio_sccb_cfg/emio_sccb_cfg.o" "../src/emio_sccb_cfg/emio_sccb_cfg.c"
'Finished building: ../src/emio_sccb_cfg/emio_sccb_cfg.c'
' '
'Building file: ../src/dynclk/dynclk.c'
'Invoking: ARM v7 gcc compiler'
arm-none-eabi-gcc -Wall -O0 -g3 -c -fmessage-length=0 -MT"src/dynclk/dynclk.o" -mcpu=cortex-a9 -mfpu=vfpv3 -mfloat-abi=hard -I../../dual_ov5640_lcd_bsp/ps7_cortexa9_0/include -MMD -MP -MF"src/dynclk/dynclk.d" -MT"src/dynclk/dynclk.o" -o "src/dynclk/dynclk.o" "../src/dynclk/dynclk.c"
'Finished building: ../src/dynclk/dynclk.c'
' '
'Building file: ../src/display_ctrl/display_ctrl.c'
'Invoking: ARM v7 gcc compiler'
arm-none-eabi-gcc -Wall -O0 -g3 -c -fmessage-length=0 -MT"src/display_ctrl/display_ctrl.o" -mcpu=cortex-a9 -mfpu=vfpv3 -mfloat-abi=hard -I../../dual_ov5640_lcd_bsp/ps7_cortexa9_0/include -MMD -MP -MF"src/display_ctrl/display_ctrl.d" -MT"src/display_ctrl/display_ctrl.o" -o "src/display_ctrl/display_ctrl.o" "../src/display_ctrl/display_ctrl.c"
'Finished building: ../src/display_ctrl/display_ctrl.c'
' '
'Building file: ../src/main.c'
'Invoking: ARM v7 gcc compiler'
arm-none-eabi-gcc -Wall -O0 -g3 -I../../dual_ov5640_lcd_bsp/ps7_cortexa9_0/include -I"C:\Users\86182\Desktop\dual_ov5640_lcd_gray\dual_ov5640_lcd.sdk\dual_ov5640_lcd\src\uart" -c -fmessage-length=0 -MT"src/main.o" -mcpu=cortex-a9 -mfpu=vfpv3 -mfloat-abi=hard -MMD -MP -MF"src/main.d" -MT"src/main.d" -o "src/main.o" "../src/main.c"
In file included from ../src/osd/osd.h:26:0,
                 from ../src/main.c:14:
../../dual_ov5640_lcd_bsp/ps7_cortexa9_0/include/xbasic_types.h:111:2: warning: #warning The xbasics_type.h file is deprecated and users should use xil_types.h and xil_assert. [-Wcpp]
 #warning  The xbasics_type.h file is deprecated and users should use xil_types.h and xil_assert.
  ^~~~~~~
../../dual_ov5640_lcd_bsp/ps7_cortexa9_0/include/xbasic_types.h:112:2: warning: #warning Please refer the Standalone BSP UG647 for further details [-Wcpp]
 #warning  Please refer the Standalone BSP UG647 for further details
  ^~~~~~~
../src/main.c: In function 'main':
../src/main.c:95:15: warning: unused variable 'rd_fram_addr' [-Wunused-variable]
  unsigned int rd_fram_addr; //VDMA 读通道操作的帧缓存地址
               ^~~~~~~~~~~~
../src/main.c:94:6: warning: unused variable 'rd_index' [-Wunused-variable]
  int rd_index; //VDMA 读通道操作的帧缓存编号
      ^~~~~~~~
'Finished building: ../src/main.c'
' '
'Building target: dual_ov5640_lcd.elf'
'Invoking: ARM v7 gcc linker'
arm-none-eabi-gcc -mcpu=cortex-a9 -mfpu=vfpv3 -mfloat-abi=hard -Wl,-build-id=none -specs=Xilinx.spec -Wl,-T -Wl,../src/lscript.ld -L../../dual_ov5640_lcd_bsp/ps7_cortexa9_0/lib -o "dual_ov5640_lcd.elf"  ./src/vdma_api/vdma_api.o  ./src/uart/uart.o  ./src/ov5640/ov5640_init.o  ./src/osd/osd.o  ./src/emio_sccb_cfg/emio_sccb_cfg.o  ./src/dynclk/dynclk.o  ./src/display_ctrl/display_ctrl.o  ./src/main.o   -Wl,--start-group,-lxil,-lgcc,-lc,--end-group -Wl,--start-group,-lxilffs,-lxil,-lgcc,-lc,--end-group
'Finished building target: dual_ov5640_lcd.elf'
' '
'Invoking: ARM v7 Print Size'
arm-none-eabi-size dual_ov5640_lcd.elf  |tee "dual_ov5640_lcd.elf.size"
   text	   data	    bss	    dec	    hex	filename
 222996	   5416	  32800	 261212	  3fc5c	dual_ov5640_lcd.elf
'Finished building: dual_ov5640_lcd.elf.size'
' '
16:24:42 **** Incremental Build of configuration Debug for project dual_ov5640_lcd ****
make pre-build main-build 
a9-linaro-pre-build-step
' '
make: Nothing to be done for 'main-build'.
16:28:52 **** Incremental Build of configuration Debug for project dual_ov5640_lcd ****
make pre-build main-build 
a9-linaro-pre-build-step
' '
make: Nothing to be done for 'main-build'.
16:29:37 **** Incremental Build of configuration Debug for project dual_ov5640_lcd ****
make pre-build main-build 
a9-linaro-pre-build-step
' '
make: Nothing to be done for 'main-build'.
16:32:16 **** Incremental Build of configuration Debug for project dual_ov5640_lcd ****
make pre-build main-build 
a9-linaro-pre-build-step
' '
make: Nothing to be done for 'main-build'.
16:36:31 **** Incremental Build of configuration Debug for project dual_ov5640_lcd ****
make pre-build main-build 
a9-linaro-pre-build-step
' '
make: Nothing to be done for 'main-build'.
